interactions:
- request:
    body:
      search: 74100-S2A-010
    headers: {}
    method: POST
    uri: https://www.akr-performance.com/search/akr
  response:
    body:
      string: '{"status":"ok","total":0,"categories":[],"brands":[],"products":[]}'
    headers:
      Access-Control-Allow-Credentials:
      - 'true'
      Access-Control-Allow-Headers:
      - Content-Type
      Access-Control-Allow-Methods:
      - POST
      Access-Control-Allow-Origin:
      - https://audit.danka-advies.nl
      Cache-Control:
      - no-store, no-cache, must-revalidate
      Connection:
      - Keep-Alive
      Content-Encoding:
      - gzip
      Content-Length:
      - '77'
      Content-Type:
      - text/html; charset=UTF-8
      Date:
      - Tue, 29 Nov 2022 22:24:59 GMT
      Expires:
      - Thu, 19 Nov 1981 08:52:00 GMT
      Keep-Alive:
      - timeout=5, max=100
      Pragma:
      - no-cache
      Server:
      - LiteSpeed
      Set-Cookie:
      - PHPSESSID=mkclnq0ddeegh7m5cpkojkodcp; path=/; secure
      Vary:
      - Accept-Encoding,User-Agent,User-Agent
      alt-svc:
      - h3=":443"; ma=2592000, h3-29=":443"; ma=2592000, h3-Q050=":443"; ma=2592000,
        h3-Q046=":443"; ma=2592000, h3-Q043=":443"; ma=2592000, quic=":443"; ma=2592000;
        v="43,46"
      referrer-policy:
      - no-referrer-when-downgrade
      strict-transport-security:
      - max-age=31536000; includeSubDomains
      x-content-type-options:
      - nosniff
      x-frame-options:
      - SAMEORIGIN
      x-xss-protection:
      - 1; mode=block
    status:
      code: 200
      message: OK
    url: https://www.akr-performance.com/search/akr
- request:
    body:
      search: 08F03-S02-180K
    headers: {}
    method: POST
    uri: https://www.akr-performance.com/search/akr
  response:
    body:
      string: '{"status":"ok","total":0,"categories":[],"brands":[],"products":[]}'
    headers:
      Access-Control-Allow-Credentials:
      - 'true'
      Access-Control-Allow-Headers:
      - Content-Type
      Access-Control-Allow-Methods:
      - POST
      Access-Control-Allow-Origin:
      - https://audit.danka-advies.nl
      Cache-Control:
      - no-store, no-cache, must-revalidate
      Connection:
      - Keep-Alive
      Content-Encoding:
      - gzip
      Content-Length:
      - '77'
      Content-Type:
      - text/html; charset=UTF-8
      Date:
      - Tue, 29 Nov 2022 22:24:59 GMT
      Expires:
      - Thu, 19 Nov 1981 08:52:00 GMT
      Keep-Alive:
      - timeout=5, max=100
      Pragma:
      - no-cache
      Server:
      - LiteSpeed
      Set-Cookie:
      - PHPSESSID=uc58ffsvh23vea6vplsmc8qots; path=/; secure
      Vary:
      - Accept-Encoding,User-Agent,User-Agent
      alt-svc:
      - h3=":443"; ma=2592000, h3-29=":443"; ma=2592000, h3-Q050=":443"; ma=2592000,
        h3-Q046=":443"; ma=2592000, h3-Q043=":443"; ma=2592000, quic=":443"; ma=2592000;
        v="43,46"
      referrer-policy:
      - no-referrer-when-downgrade
      strict-transport-security:
      - max-age=31536000; includeSubDomains
      x-content-type-options:
      - nosniff
      x-frame-options:
      - SAMEORIGIN
      x-xss-protection:
      - 1; mode=block
    status:
      code: 200
      message: OK
    url: https://www.akr-performance.com/search/akr
- request:
    body:
      search: 12251-RBB-004
    headers: {}
    method: POST
    uri: https://www.akr-performance.com/search/akr
  response:
    body:
      string: '{"status":"ok","total":8,"categories":[{"category_id":"2","categoryTitle":"Engine
        parts","categorySlug":"engine-parts-1","amount":8}],"brands":[{"brandTitle":"Honda","amount":2},{"brandTitle":"MAHLE","amount":1},{"brandTitle":"Cometic","amount":5}],"products":[{"product_link_id":"56990","product_id":"943","category_id":"2","categoryTitle":"Engine
        parts","category_carpart_id":"15","category_carpartName":"Seals and gaskets
        - 1","productArticleNumber":"12251-RBB-004","productBrand":"Honda","productEanCode":"","productOemNumber":"12251-RBB-004","productTitle":"Honda
        Cylinder head gasket","productContent":"* Genuine Honda cylinder head gasket\r\n*
        What type of gasket does Honda use? Honda uses an MLS type gasket which stands
        for \"Multiple Layers Steel\".\r\n* Most modern head engines are produced
        with MLS gaskets. These typically consist of three layers of steel. The contact
        faces are usually coated with a rubber-like coating such as Viton that adheres
        to the cylinder block and cylinder head respectively whilst the thicker center
        layer is bare.","productCarPart":"Seals and gaskets - 1","productCertificateTuv":"0","productCertificateEkeur":"0","productCertificateGoca":"0","productCertificateFia":"0","productCertificateSfi":"0","productCertificateDot":"0","productPrice":"96.529","productSoldByAmount":"1","productDiscountPercentage":"0","productGrouping":"per
        piece","productStock":"4","productStockText":"Ready to ship in 2-3 business
        days","productSlug":"honda-cylinder-head-gasket-12251-rbb-004","productImages":[{"url":"https:\/\/www.akr-performance.com\/media\/products\/engine-parts-1-accord-4-door-sedan-2003-2005-24i_honda-cylinder-head-gasket-12251-rbb-004.jpg","alt":"Honda
        Cylinder head gasket Honda Accord 4-Door Sedan 2003-2005 2.4i"}],"productPriceWithoutVat":"96.529","productPriceVat":20.271089999999997,"productPriceWithVat":116.80009,"productDisplayPriceWithoutVat":96.529,"productDisplayPriceVat":20.271089999999997,"productDisplayPriceWithVat":116.80009,"productUrl":"https:\/\/www.akr-performance.com\/p\/honda-cylinder-head-gasket-12251-rbb-004","productDiscontinued":"0","matches":2},{"product_link_id":"179510","product_id":"3336","category_id":"2","categoryTitle":"Engine
        parts","category_carpart_id":"15","category_carpartName":"Seals and gaskets
        - 1","productArticleNumber":"54526","productBrand":"MAHLE","productEanCode":"027067699510","productOemNumber":"12251-RBB-004","productTitle":"MAHLE
        Cylinder head gasket","productContent":"* Head gasket thickness .030\"\/0.76mm.
        * Bore size: 87.88mm","productCarPart":"Seals and gaskets - 1","productCertificateTuv":"0","productCertificateEkeur":"0","productCertificateGoca":"0","productCertificateFia":"0","productCertificateSfi":"0","productCertificateDot":"0","productPrice":"107.810","productSoldByAmount":"1","productDiscountPercentage":"0","productGrouping":"per
        piece","productStock":"2","productStockText":"Ready to ship in 6-10 business
        days","productSlug":"mahle-cylinder-head-gasket-54526","productImages":[{"url":"https:\/\/www.akr-performance.com\/media\/products\/engine-parts-1-accord-4-door-sedan-2003-2005-24i_mahle-cylinder-head-gasket-54526.jpg","alt":"MAHLE
        Cylinder head gasket Honda Accord 4-Door Sedan 2003-2005 2.4i"}],"productPriceWithoutVat":"107.810","productPriceVat":22.6401,"productPriceWithVat":130.4501,"productDisplayPriceWithoutVat":107.81,"productDisplayPriceVat":22.6401,"productDisplayPriceWithVat":130.4501,"productUrl":"https:\/\/www.akr-performance.com\/p\/mahle-cylinder-head-gasket-54526","productDiscontinued":"0","matches":1},{"product_link_id":"141268","product_id":"5478","category_id":"2","categoryTitle":"Engine
        parts","category_carpart_id":"15","category_carpartName":"Seals and gaskets
        - 1","productArticleNumber":"C4300-018","productBrand":"Cometic","productEanCode":"191070038397","productOemNumber":"12251-RBB-004","productTitle":"Cometic
        Cylinder head gasket (MLS) - 86.00mm \/ 0.46mm","productContent":"* Bore size:
        86.00mm\r\n* Head gasket thickness .018\"\/0.46mm\r\n* Multi-layered Steel.
        3 layers of stainless steel, with outer layer Viton rubber compound coating.
        Suitable for forced induction, supercharged & turbocharged engines. Excellent
        sealing when the clamping pressure fluctuates due to combustion pressures.
        Resistance to corrosion at very high temperatures. Resistance to relaxation
        in the embossed regions. No re-torque necessary.","productCarPart":"Seals
        and gaskets - 1","productCertificateTuv":"0","productCertificateEkeur":"0","productCertificateGoca":"0","productCertificateFia":"0","productCertificateSfi":"0","productCertificateDot":"0","productPrice":"130.785","productSoldByAmount":"1","productDiscountPercentage":"0","productGrouping":"per
        piece","productStock":"1","productStockText":"Ready to ship in 5-6 weeks","productSlug":"cometic-cylinder-head-gasket-mls-8600mm-046mm-c4300-018","productImages":[{"url":"https:\/\/www.akr-performance.com\/media\/products\/engine-parts-1-accord-4-door-sedan-2003-2005-20i_cometic-cylinder-head-gasket-mls-8600mm-046mm-c4300-018.jpg","alt":"Cometic
        Cylinder head gasket (MLS) - 86.00mm \/ 0.46mm Honda Accord 4-Door Sedan 2003-2005
        2.0i"},{"url":"https:\/\/www.akr-performance.com\/media\/products\/extra\/C4300-018_1.jpg","alt":"cylinder
        head gasket (MLS) - 86.00mm \/ 0.46mm"}],"productPriceWithoutVat":"130.785","productPriceVat":27.46485,"productPriceWithVat":158.24984999999998,"productDisplayPriceWithoutVat":130.785,"productDisplayPriceVat":27.46485,"productDisplayPriceWithVat":158.24984999999998,"productUrl":"https:\/\/www.akr-performance.com\/p\/cometic-cylinder-head-gasket-mls-8600mm-046mm-c4300-018","productDiscontinued":"0","matches":1},{"product_link_id":"141285","product_id":"5479","category_id":"2","categoryTitle":"Engine
        parts","category_carpart_id":"15","category_carpartName":"Seals and gaskets
        - 1","productArticleNumber":"C4300-030","productBrand":"Cometic","productEanCode":"191070002251","productOemNumber":"12251-RBB-004","productTitle":"Cometic
        Cylinder head gasket (MLS) - 86.00mm \/ 0.76mm","productContent":"* Bore size:
        86.00mm\r\n* Head gasket thickness .030\"\/0.76mm\r\n* Multi-layered Steel.
        3 layers of stainless steel, with outer layer Viton rubber compound coating.
        Suitable for forced induction, supercharged & turbocharged engines. Excellent
        sealing when the clamping pressure fluctuates due to combustion pressures.
        Resistance to corrosion at very high temperatures. Resistance to relaxation
        in the embossed regions. No re-torque necessary.","productCarPart":"Seals
        and gaskets - 1","productCertificateTuv":"0","productCertificateEkeur":"0","productCertificateGoca":"0","productCertificateFia":"0","productCertificateSfi":"0","productCertificateDot":"0","productPrice":"130.785","productSoldByAmount":"1","productDiscountPercentage":"0","productGrouping":"per
        piece","productStock":"2","productStockText":"Ready to ship in 6-10 business
        days","productSlug":"cometic-cylinder-head-gasket-mls-8600mm-076mm-c4300-030","productImages":[{"url":"https:\/\/www.akr-performance.com\/media\/products\/engine-parts-1-accord-4-door-sedan-2003-2005-20i_cometic-cylinder-head-gasket-mls-8600mm-076mm-c4300-030.jpg","alt":"Cometic
        Cylinder head gasket (MLS) - 86.00mm \/ 0.76mm Honda Accord 4-Door Sedan 2003-2005
        2.0i"},{"url":"https:\/\/www.akr-performance.com\/media\/products\/extra\/C4300-030_1.jpg","alt":"cylinder
        head gasket (MLS) - 86.00mm \/ 0.76mm"}],"productPriceWithoutVat":"130.785","productPriceVat":27.46485,"productPriceWithVat":158.24984999999998,"productDisplayPriceWithoutVat":130.785,"productDisplayPriceVat":27.46485,"productDisplayPriceWithVat":158.24984999999998,"productUrl":"https:\/\/www.akr-performance.com\/p\/cometic-cylinder-head-gasket-mls-8600mm-076mm-c4300-030","productDiscontinued":"0","matches":1},{"product_link_id":"141302","product_id":"5480","category_id":"2","categoryTitle":"Engine
        parts","category_carpart_id":"15","category_carpartName":"Seals and gaskets
        - 1","productArticleNumber":"C4311-030","productBrand":"Cometic","productEanCode":"191070000936","productOemNumber":"12251-RBB-004","productTitle":"Cometic
        Cylinder head gasket (MLS) - 87.00mm \/ 0.76mm","productContent":"* Bore size:
        87.00mm\r\n* Head gasket thickness .030\"\/0.76mm\r\n* Multi-layered Steel.
        3 layers of stainless steel, with outer layer Viton rubber compound coating.
        Suitable for forced induction, supercharged & turbocharged engines. Excellent
        sealing when the clamping pressure fluctuates due to combustion pressures.
        Resistance to corrosion at very high temperatures. Resistance to relaxation
        in the embossed regions. No re-torque necessary.","productCarPart":"Seals
        and gaskets - 1","productCertificateTuv":"0","productCertificateEkeur":"0","productCertificateGoca":"0","productCertificateFia":"0","productCertificateSfi":"0","productCertificateDot":"0","productPrice":"130.785","productSoldByAmount":"1","productDiscountPercentage":"0","productGrouping":"per
        piece","productStock":"2","productStockText":"Ready to ship in 6-10 business
        days","productSlug":"cometic-cylinder-head-gasket-mls-8700mm-076mm-c4311-030","productImages":[{"url":"https:\/\/www.akr-performance.com\/media\/products\/engine-parts-1-accord-4-door-sedan-2003-2005-20i_cometic-cylinder-head-gasket-mls-8700mm-076mm-c4311-030.jpg","alt":"Cometic
        Cylinder head gasket (MLS) - 87.00mm \/ 0.76mm Honda Accord 4-Door Sedan 2003-2005
        2.0i"},{"url":"https:\/\/www.akr-performance.com\/media\/products\/extra\/C4311-030_1.jpg","alt":"cylinder
        head gasket (MLS) - 87.00mm \/ 0.76mm"}],"productPriceWithoutVat":"130.785","productPriceVat":27.46485,"productPriceWithVat":158.24984999999998,"productDisplayPriceWithoutVat":130.785,"productDisplayPriceVat":27.46485,"productDisplayPriceWithVat":158.24984999999998,"productUrl":"https:\/\/www.akr-performance.com\/p\/cometic-cylinder-head-gasket-mls-8700mm-076mm-c4311-030","productDiscontinued":"0","matches":1},{"product_link_id":"141319","product_id":"5481","category_id":"2","categoryTitle":"Engine
        parts","category_carpart_id":"15","category_carpartName":"Seals and gaskets
        - 1","productArticleNumber":"C4312-030","productBrand":"Cometic","productEanCode":"191070000943","productOemNumber":"12251-RBB-004","productTitle":"Cometic
        Cylinder head gasket (MLS) - 88.00mm \/ 0.76mm","productContent":"* Bore size:
        88.00mm\r\n* Head gasket thickness .030\"\/0.76mm\r\n* Multi-layered Steel.
        3 layers of stainless steel, with outer layer Viton rubber compound coating.
        Suitable for forced induction, supercharged & turbocharged engines. Excellent
        sealing when the clamping pressure fluctuates due to combustion pressures.
        Resistance to corrosion at very high temperatures. Resistance to relaxation
        in the embossed regions. No re-torque necessary.","productCarPart":"Seals
        and gaskets - 1","productCertificateTuv":"0","productCertificateEkeur":"0","productCertificateGoca":"0","productCertificateFia":"0","productCertificateSfi":"0","productCertificateDot":"0","productPrice":"130.785","productSoldByAmount":"1","productDiscountPercentage":"0","productGrouping":"per
        piece","productStock":"2","productStockText":"Ready to ship in 6-10 business
        days","productSlug":"cometic-cylinder-head-gasket-mls-8800mm-076mm-c4312-030","productImages":[{"url":"https:\/\/www.akr-performance.com\/media\/products\/engine-parts-1-accord-4-door-sedan-2003-2005-20i_cometic-cylinder-head-gasket-mls-8800mm-076mm-c4312-030.jpg","alt":"Cometic
        Cylinder head gasket (MLS) - 88.00mm \/ 0.76mm Honda Accord 4-Door Sedan 2003-2005
        2.0i"},{"url":"https:\/\/www.akr-performance.com\/media\/products\/extra\/C4312-030_1.jpg","alt":"cylinder
        head gasket (MLS) - 88.00mm \/ 0.76mm"}],"productPriceWithoutVat":"130.785","productPriceVat":27.46485,"productPriceWithVat":158.24984999999998,"productDisplayPriceWithoutVat":130.785,"productDisplayPriceVat":27.46485,"productDisplayPriceWithVat":158.24984999999998,"productUrl":"https:\/\/www.akr-performance.com\/p\/cometic-cylinder-head-gasket-mls-8800mm-076mm-c4312-030","productDiscontinued":"0","matches":1},{"product_link_id":"141336","product_id":"5482","category_id":"2","categoryTitle":"Engine
        parts","category_carpart_id":"15","category_carpartName":"Seals and gaskets
        - 1","productArticleNumber":"C4313-030","productBrand":"Cometic","productEanCode":"191070026202","productOemNumber":"12251-RBB-004","productTitle":"Cometic
        Cylinder head gasket (MLS) - 89.00mm \/ 0.76mm","productContent":"* Bore size:
        89.00mm\r\n* Head gasket thickness .030\"\/0.76mm\r\n* Multi-layered Steel.
        3 layers of stainless steel, with outer layer Viton rubber compound coating.
        Suitable for forced induction, supercharged & turbocharged engines. Excellent
        sealing when the clamping pressure fluctuates due to combustion pressures.
        Resistance to corrosion at very high temperatures. Resistance to relaxation
        in the embossed regions. No re-torque necessary.","productCarPart":"Seals
        and gaskets - 1","productCertificateTuv":"0","productCertificateEkeur":"0","productCertificateGoca":"0","productCertificateFia":"0","productCertificateSfi":"0","productCertificateDot":"0","productPrice":"130.785","productSoldByAmount":"1","productDiscountPercentage":"0","productGrouping":"per
        piece","productStock":"2","productStockText":"Ready to ship in 6-10 business
        days","productSlug":"cometic-cylinder-head-gasket-mls-8900mm-076mm-c4313-030","productImages":[{"url":"https:\/\/www.akr-performance.com\/media\/products\/engine-parts-1-accord-4-door-sedan-2003-2005-20i_cometic-cylinder-head-gasket-mls-8900mm-076mm-c4313-030.jpg","alt":"Cometic
        Cylinder head gasket (MLS) - 89.00mm \/ 0.76mm Honda Accord 4-Door Sedan 2003-2005
        2.0i"}],"productPriceWithoutVat":"130.785","productPriceVat":27.46485,"productPriceWithVat":158.24984999999998,"productDisplayPriceWithoutVat":130.785,"productDisplayPriceVat":27.46485,"productDisplayPriceWithVat":158.24984999999998,"productUrl":"https:\/\/www.akr-performance.com\/p\/cometic-cylinder-head-gasket-mls-8900mm-076mm-c4313-030","productDiscontinued":"0","matches":1},{"product_link_id":"56972","product_id":"939","category_id":"2","categoryTitle":"Engine
        parts","category_carpart_id":"15","category_carpartName":"Seals and gaskets
        - 1","productArticleNumber":"12251-PRB-A01","productBrand":"Honda","productEanCode":"","productOemNumber":"12251-PRB-A01","productTitle":"Honda
        Cylinder head gasket","productContent":"* Genuine Honda cylinder head gasket\r\n*
        What type of gasket does Honda use? Honda uses an MLS type gasket which stands
        for \"Multiple Layers Steel\".\r\n* Most modern head engines are produced
        with MLS gaskets. These typically consist of three layers of steel. The contact
        faces are usually coated with a rubber-like coating such as Viton that adheres
        to the cylinder block and cylinder head respectively whilst the thicker center
        layer is bare.","productCarPart":"Seals and gaskets - 1","productCertificateTuv":"0","productCertificateEkeur":"0","productCertificateGoca":"0","productCertificateFia":"0","productCertificateSfi":"0","productCertificateDot":"0","productPrice":"80.579","productSoldByAmount":"1","productDiscountPercentage":"0","productGrouping":"per
        piece","productStock":"4","productStockText":"Ready to ship in 2-3 business
        days","productSlug":"honda-cylinder-head-gasket-12251-prb-a01","productImages":[{"url":"https:\/\/www.akr-performance.com\/media\/products\/engine-parts-1-civic-3-door-hatchback-2001-2003-20i-type-r_honda-cylinder-head-gasket-12251-prb-a01.jpg","alt":"Honda
        Cylinder head gasket Honda Civic 3 Door Hatchback 2001-2003 2.0i Type R"}],"productPriceWithoutVat":"80.579","productPriceVat":16.92159,"productPriceWithVat":97.50058999999999,"productDisplayPriceWithoutVat":80.579,"productDisplayPriceVat":16.92159,"productDisplayPriceWithVat":97.50058999999999,"productUrl":"https:\/\/www.akr-performance.com\/p\/honda-cylinder-head-gasket-12251-prb-a01","productDiscontinued":"0","matches":0}]}'
    headers:
      Access-Control-Allow-Credentials:
      - 'true'
      Access-Control-Allow-Headers:
      - Content-Type
      Access-Control-Allow-Methods:
      - POST
      Access-Control-Allow-Origin:
      - https://audit.danka-advies.nl
      Cache-Control:
      - no-store, no-cache, must-revalidate
      Connection:
      - Keep-Alive
      Content-Encoding:
      - gzip
      Content-Type:
      - text/html; charset=UTF-8
      Date:
      - Tue, 29 Nov 2022 22:25:00 GMT
      Expires:
      - Thu, 19 Nov 1981 08:52:00 GMT
      Keep-Alive:
      - timeout=5, max=100
      Pragma:
      - no-cache
      Server:
      - LiteSpeed
      Set-Cookie:
      - PHPSESSID=c152v5g5d8ugaihb39ffecninp; path=/; secure
      Transfer-Encoding:
      - chunked
      Vary:
      - Accept-Encoding,User-Agent,User-Agent
      alt-svc:
      - h3=":443"; ma=2592000, h3-29=":443"; ma=2592000, h3-Q050=":443"; ma=2592000,
        h3-Q046=":443"; ma=2592000, h3-Q043=":443"; ma=2592000, quic=":443"; ma=2592000;
        v="43,46"
      referrer-policy:
      - no-referrer-when-downgrade
      strict-transport-security:
      - max-age=31536000; includeSubDomains
      x-content-type-options:
      - nosniff
      x-frame-options:
      - SAMEORIGIN
      x-xss-protection:
      - 1; mode=block
    status:
      code: 200
      message: OK
    url: https://www.akr-performance.com/search/akr
- request:
    body: null
    headers: {}
    method: GET
    uri: https://www.akr-performance.com/p/honda-cylinder-head-gasket-12251-rbb-004
  response:
    body:
      string: "<!DOCTYPE html><html class=\"no-js\" lang=\"en\"><head><!-- Google
        Tag Manager --><script>(function(w,d,s,l,i){w[l]=w[l]||[];w[l].push({'gtm.start':\nnew
        Date().getTime(),event:'gtm.js'});var f=d.getElementsByTagName(s)[0],\nj=d.createElement(s),dl=l!='dataLayer'?'&l='+l:'';j.async=true;j.src=\n'https://www.googletagmanager.com/gtm.js?id='+i+dl;f.parentNode.insertBefore(j,f);\n})(window,document,'script','dataLayer','GTM-T2RWJ43');</script><!--
        End Google Tag Manager --><meta charset=\"utf-8\"><title>Honda Cylinder head
        gasket for Honda \u2705 AKR Performance</title><meta name=\"description\"
        content=\"Honda Cylinder head gasket for your Honda. \u2705 Immediately available
        \u2705 Sharp prices \u2705 Order before 13:00, delivered tomorrow.\"><meta
        name=\"keywords\" content=\"\"><meta name=\"author\" content=\"AKR-Performance.com\"><meta
        name=\"viewport\" content=\"width=device-width, initial-scale=1.0, maximum-scale=1.0,
        user-scalable=0\" /><meta name=\"robots\" content=\"index, follow\"><link
        rel=\"canonical\" href=\"https://www.akr-performance.com/p/honda-cylinder-head-gasket-12251-rbb-004\"><link
        rel=\"amphtml\" href=\"https://www.akr-performance.com/amp/p/honda-cylinder-head-gasket-12251-rbb-004\"><link
        rel=\"alternate\" hreflang=\"nl\" href=\"https://www.akr-performance.nl/p/honda-koppakking-12251-rbb-004\"
        /><link rel=\"alternate\" hreflang=\"x-default\" href=\"https://www.akr-performance.com/p/honda-cylinder-head-gasket-12251-rbb-004\"
        /><link rel=\"alternate\" hreflang=\"de\" href=\"https://www.akr-performance.de/p/honda-zylinderkopfdichtung-12251-rbb-004\"
        /><link rel=\"alternate\" hreflang=\"fr\" href=\"https://www.akr-performance.fr/p/honda-joint-de-culasse-12251-rbb-004\"
        /><link rel=\"preload\" as=\"image\" href=\"/assets/www.akr-performance.live/img/header/header.webp\"
        /><link rel=\"preload\" href=\"/assets/www.akr-performance.live/webfonts/fa-brands-400.woff2\"
        as=\"font\" type=\"font/woff2\" crossorigin /><link rel=\"preload\" href=\"/assets/www.akr-performance.live/webfonts/fa-solid-900.woff2\"
        as=\"font\" type=\"font/woff2\" crossorigin /><link rel=\"preload\" href=\"/assets/www.akr-performance.live/webfonts/breeregular.woff\"
        as=\"font\" type=\"font/woff\" crossorigin /><link rel=\"preload\" href=\"/assets/www.akr-performance.live/webfonts/breebold.woff\"
        as=\"font\" type=\"font/woff\" crossorigin /><link rel=\"preload\" href=\"/assets/www.akr-performance.live/webfonts/breeregular.woff2\"
        as=\"font\" type=\"font/woff2\" crossorigin /><link rel=\"preload\" href=\"/assets/www.akr-performance.live/webfonts/breebold.woff2\"
        as=\"font\" type=\"font/woff2\" crossorigin /><!-- Essential META Tags --><meta
        property=\"og:title\" content=\"Honda Cylinder head gasket for Honda \u2705
        AKR Performance\"><meta property=\"og:description\" content=\"Honda Cylinder
        head gasket for your Honda. \u2705 Immediately available \u2705 Sharp prices
        \u2705 Order before 13:00, delivered tomorrow.\"><meta property=\"og:url\"
        content=\"https://www.akr-performance.com/p/honda-cylinder-head-gasket-12251-rbb-004\"><meta
        property=\"og:type\" content=\"website\"><meta property=\"og:image\" content=\"/assets/www.akr-performance.live/favicon/android-icon-192x192.png\"
        /><meta property=\"og:site_name\" content=\"AKR-Performance.com\"><meta property=\"og:email\"
        content=\"info@akr-performance.com\"><meta property=\"og:phone_number\" content=\"0341
        422 602\"><meta property=\"og:street-address\" content=\"Noorderbreedte\"><meta
        property=\"og:locality\" content=\"Harderwijk\"><meta property=\"og:postal-code\"
        content=\"3845 MB\"><meta property=\"og:country-name\" content=\"NL\"><!--
        Favicon --><link rel=\"apple-touch-icon\" sizes=\"57x57\" href=\"/assets/www.akr-performance.live/favicon/apple-icon-57x57.png\"><link
        rel=\"apple-touch-icon\" sizes=\"60x60\" href=\"/assets/www.akr-performance.live/favicon/apple-icon-60x60.png\"><link
        rel=\"apple-touch-icon\" sizes=\"72x72\" href=\"/assets/www.akr-performance.live/favicon/apple-icon-72x72.png\"><link
        rel=\"apple-touch-icon\" sizes=\"76x76\" href=\"/assets/www.akr-performance.live/favicon/apple-icon-76x76.png\"><link
        rel=\"apple-touch-icon\" sizes=\"114x114\" href=\"/assets/www.akr-performance.live/favicon/apple-icon-114x114.png\"><link
        rel=\"apple-touch-icon\" sizes=\"120x120\" href=\"/assets/www.akr-performance.live/favicon/apple-icon-120x120.png\"><link
        rel=\"apple-touch-icon\" sizes=\"144x144\" href=\"/assets/www.akr-performance.live/favicon/apple-icon-144x144.png\"><link
        rel=\"apple-touch-icon\" sizes=\"152x152\" href=\"/assets/www.akr-performance.live/favicon/apple-icon-152x152.png\"><link
        rel=\"apple-touch-icon\" sizes=\"180x180\" href=\"/assets/www.akr-performance.live/favicon/apple-icon-180x180.png\"><link
        rel=\"icon\" type=\"image/png\" sizes=\"192x192\" href=\"/assets/www.akr-performance.live/favicon/android-icon-192x192.png\"><link
        rel=\"icon\" type=\"image/png\" sizes=\"32x32\" href=\"/assets/www.akr-performance.live/favicon/favicon-32x32.png\"><link
        rel=\"icon\" type=\"image/png\" sizes=\"96x96\" href=\"/assets/www.akr-performance.live/favicon/favicon-96x96.png\"><link
        rel=\"icon\" type=\"image/png\" sizes=\"16x16\" href=\"/assets/www.akr-performance.live/favicon/favicon-16x16.png\"><link
        rel=\"manifest\" href=\"/assets/www.akr-performance.live/favicon/manifest.json\"><link
        rel=\"preload\" href=\"/assets/www.akr-performance.live/css/product.css?v=1.17\"
        as=\"style\"><!-- CSS --><link href=\"/assets/www.akr-performance.live/css/product.css?v=1.17\"
        rel=\"stylesheet\" media=\"all\"><!-- SCHEMA --><script type=\"application/ld+json\">[{\"@context\":\"http:\\/\\/schema.org\",\"@type\":\"AutoPartsStore\",\"name\":\"AKR-Performance.com\",\"address\":{\"@type\":\"PostalAddress\",\"streetAddress\":\"Noorderbreedte
        14\",\"addressLocality\":\"Harderwijk\",\"addressRegion\":\"Gelderland\",\"postalCode\":\"3845
        MB\",\"addressCountry\":\"Nederland\"},\"image\":\"https:\\/\\/www.akr-performance.com\\/assets\\/www.akr-performance.live\\/favicon\\/favicon.png\",\"logo\":\"https:\\/\\/www.akr-performance.com\\/assets\\/www.akr-performance.live\\/favicon\\/favicon.png\",\"email\":\"info@akr-performance.com\",\"telephone\":\"0341
        422 602\",\"url\":\"https:\\/\\/www.akr-performance.com\\/\",\"legalName\":\"AKR-Performance
        B.V.\",\"paymentAccepted\":\"Cash, Credit Card, iDeal, PayPal, AfterPay\",\"currenciesAccepted\":\"EUR\",\"openingHours\":\"Mo,Tu,We,Th,Fr,Sa
        08:00-17:30\",\"openingHoursSpecification\":[{\"@type\":\"OpeningHoursSpecification\",\"dayOfWeek\":[\"Monday\",\"Tuesday\",\"Wednesday\",\"Thursday\",\"Friday\",\"Saturday\"],\"opens\":\"08:00\",\"closes\":\"17:30\"}],\"founder\":\"Chris
        Kraaij\",\"foundingDate\":\"1993-06-21\",\"foundingLocation\":\"Ermelo\",\"knowsLanguage\":\"NL\",\"aggregateRating\":{\"@type\":\"AggregateRating\",\"ratingValue\":\"4.5\",\"reviewCount\":\"15287\"},\"geo\":{\"@type\":\"GeoCoordinates\",\"latitude\":\"52.327740\",\"longitude\":\"5.613270\"},\"priceRange\":\"$$\"},{\"@context\":\"http:\\/\\/schema.org\\/\",\"@type\":\"Product\",\"name\":\"Honda
        Cylinder head gasket\",\"image\":\"https:\\/\\/www.akr-performance.com\\/media\\/products\\/engine-parts-1-accord-4-door-sedan-2003-2005-24i_honda-cylinder-head-gasket-12251-rbb-004.jpg\",\"sku\":\"12251-RBB-004\",\"mpn\":\"12251-RBB-004\",\"description\":\"Honda
        Cylinder head gasket\",\"aggregateRating\":{\"@type\":\"AggregateRating\",\"ratingValue\":\"4.4\",\"reviewCount\":4},\"review\":[{\"@type\":\"Review\",\"reviewRating\":{\"@type\":\"Rating\",\"ratingValue\":5},\"name\":\"Bryan
        V\",\"author\":{\"@type\":\"Person\",\"name\":\"Bryan V\"},\"datePublished\":\"2017-09-06\",\"reviewBody\":\"excellent\",\"publisher\":{\"@type\":\"Organization\",\"name\":\"AKR-Performance.com\"}},{\"@type\":\"Review\",\"reviewRating\":{\"@type\":\"Rating\",\"ratingValue\":4},\"name\":\"Elizabeth
        C\",\"author\":{\"@type\":\"Person\",\"name\":\"Elizabeth C\"},\"datePublished\":\"2020-08-13\",\"reviewBody\":\"Honda
        product for a good price\",\"publisher\":{\"@type\":\"Organization\",\"name\":\"AKR-Performance.com\"}},{\"@type\":\"Review\",\"reviewRating\":{\"@type\":\"Rating\",\"ratingValue\":4},\"name\":\"Brandon
        L\",\"author\":{\"@type\":\"Person\",\"name\":\"Brandon L\"},\"datePublished\":\"2017-07-23\",\"reviewBody\":\"\\ud83d\\ude04\\ud83d\\udcaa\\ud83c\\udffc\\ud83d\\udd25\",\"publisher\":{\"@type\":\"Organization\",\"name\":\"AKR-Performance.com\"}},{\"@type\":\"Review\",\"reviewRating\":{\"@type\":\"Rating\",\"ratingValue\":4},\"name\":\"Susan
        O\",\"author\":{\"@type\":\"Person\",\"name\":\"Susan O\"},\"datePublished\":\"2020-03-29\",\"reviewBody\":\"\\ud83d\\udcaf\",\"publisher\":{\"@type\":\"Organization\",\"name\":\"AKR-Performance.com\"}}],\"offers\":{\"@type\":\"Offer\",\"priceCurrency\":\"EUR\",\"price\":\"116.80\",\"url\":\"https:\\/\\/www.akr-performance.com\\/p\\/honda-cylinder-head-gasket-12251-rbb-004\",\"priceValidUntil\":\"2023-11-29\",\"availability\":\"http:\\/\\/schema.org\\/BackOrder\"},\"brand\":{\"@type\":\"Brand\",\"name\":\"Honda\"}}]</script><script
        async defer src=\"https://tools.luckyorange.com/core/lo.js?site-id=307789f7\"></script><!--
        TrustBox script --><script type=\"text/javascript\" src=\"//widget.trustpilot.com/bootstrap/v5/tp.widget.bootstrap.min.js\"
        async></script><!-- End TrustBox script --></head><body><!-- Google Tag Manager
        (noscript) --><noscript><iframe src=\"https://www.googletagmanager.com/ns.html?id=GTM-T2RWJ43\"\nheight=\"0\"
        width=\"0\" style=\"display:none;visibility:hidden\"></iframe></noscript><!--
        End Google Tag Manager (noscript) --><div class=\"header-toolbar\"><div class=\"container\"><div
        class=\"toolbar-row\"><div class=\"toolbar-column\">Want to see our site in
        English or other language?</div><div class=\"toolbar-column\"><div class=\"form-select-wrapper\"><select
        name=\"language-selector\" class=\"form-select language-selector\"><option
        value=\"https://www.akr-performance.nl/p/honda-koppakking-12251-rbb-004\">Nederlands</option><option
        value=\"https://www.akr-performance.com/p/honda-cylinder-head-gasket-12251-rbb-004\">English</option><option
        value=\"https://www.akr-performance.de/p/honda-zylinderkopfdichtung-12251-rbb-004\">Deutsch</option><option
        value=\"https://www.akr-performance.fr/p/honda-joint-de-culasse-12251-rbb-004\">Fran\xE7aise</option></select></div><button
        type=\"button\" class=\"btn btn-danger\">Go to the website</button></div></div><button
        type=\"button\" class=\"close-toolbar\">&times;</button></div></div><header
        class=\"header\"> <div class=\"header-top\"> <div class=\"container\"> <div
        class=\"row\"> <div class=\"col-12\"> <span class=\"header-top-cta\"> <strong>\tNeed
        advice? Send us an e-mail <a href=\"mailto:info@akr-performance.com\">info@akr-performance.com</a>
        </strong></span> <ul class=\"header-top-list\"> <li class=\"header-top-item\">
        <a href=\"https://www.akr-performance.com/\" title=\"Home\">Home </a> </li><!--
        <li class=\"header-top-item d-none d-lg-block\"> <a href=\"/blog\" title=\"Blog\">Blog</a>
        </li>--> <li class=\"header-top-item\"> <a href=\"/how-to\" title=\"How-to\">How-to
        </a> </li> <li class=\"header-top-item\"> <a href=\"/about-us\" title=\"About
        us\"> About us </a> </li> <li class=\"header-top-item\"> <a href=\"/customer-service\"
        title=\"Customer service\">Customer service </a> </li> <li class=\"header-top-item\">
        <a href=\"/brands\" title=\"Brands\"> Brands </a> </li> <li class=\"header-top-item\">
        <a href=\"/parts\" title=\"Parts\">Parts </a> </li> <li class=\"header-top-item\">
        <a href=\"/honda-model-information\" title=\"Honda Model information\"> Honda
        Model information </a> </li> <li class=\"header-top-item\"> <a href=\"/c\"
        title=\"Product Range\"> Product Range </a> </li> <li class=\"header-top-item
        header-language\"> <span class=\"header-language-trigger\"> <span class=\"flag-icon
        flag-icon-en\"></span> <span class=\"d-none d-lg-inline-block\">English</span>
        <span class=\"d-lg-none\">EN</span> <i class=\"fas fa-chevron-down\"></i>
        </span> <ul class=\"header-language-list\"> <li class=\"header-language-item\">
        <a href=\"https://www.akr-performance.nl/p/honda-koppakking-12251-rbb-004\">
        <span class=\"flag-icon flag-icon-nl\"></span> <span class=\"d-none d-lg-block\">Nederlands</span>
        <span class=\"d-lg-none\">NL</span> </a> </li> <li class=\"header-language-item\">
        <a href=\"https://www.akr-performance.de/p/honda-zylinderkopfdichtung-12251-rbb-004\">
        <span class=\"flag-icon flag-icon-de\"></span> <span class=\"d-none d-lg-block\">Deutsch</span>
        <span class=\"d-lg-none\">DE</span> </a> </li> <li class=\"header-language-item\">
        <a href=\"https://www.akr-performance.fr/p/honda-joint-de-culasse-12251-rbb-004\">
        <span class=\"flag-icon flag-icon-fr\"></span> <span class=\"d-none d-lg-block\">Fran\xE7aise</span>
        <span class=\"d-lg-none\">FR</span> </a> </li> </ul> </li></ul> </div> </div>
        </div> </div> <div class=\"header-main\"> <div class=\"container\"> <div class=\"row
        header-top-items\"> <div class=\"header-top-item item-toggler\"> <div class=\"icon\">
        <div class=\"bars\"></div> </div> <div class=\"text\">Menu</div> </div> <div
        class=\"header-top-item item-search\"> <div class=\"icon\"> <i class=\"close\"></i>
        <i class=\"fas fa-search\"></i> </div> <div class=\"text\">Search</div> </div>
        <div class=\"col-xl-3 col-lg-3 col-md-4 col-logo\"> <a href=\"https://www.akr-performance.com/\"
        class=\"header-logo header-logo-nl\">AKR-Performance.com</a> </div> <div class=\"col-xl-3
        col-lg-3 col-md-4 d-none d-md-block\"> <form method=\"get\" action=\"/results\"
        class=\"form header-search\"> <input type=\"search\" name=\"search\" class=\"form-control\"
        placeholder=\"Search....\" autocomplete=\"off\"> <button type=\"submit\" class=\"btn-search\">
        <i class=\"fas fa-search\"></i> </button></form> </div> <div class=\"col-xl-3
        col-lg-3 d-none d-lg-block\"> <div class=\"header-payments\"><img src=\"/assets/www.akr-performance.live/svg/payment/logo-payment-ideal.svg\"
        width=\"30\" height=\"26\" alt=\"iDeal\"><img src=\"/assets/www.akr-performance.live/svg/payment/logo-payment-paypal.svg\"
        width=\"60\" height=\"16\" alt=\"PayPal\"><img src=\"/assets/www.akr-performance.live/svg/payment/logo-payment-giropay.svg\"
        width=\"48\" height=\"22\" alt=\"GiroPay\"><img src=\"/assets/www.akr-performance.live/svg/payment/logo-payment-webshop-certified.png\"
        width=\"83\" height=\"22\" alt=\"Keurmerk\"><img src=\"/assets/www.akr-performance.live/svg/payment/logo-payment-visa.svg\"
        width=\"55\" height=\"18\" alt=\"Visa\"><img src=\"/assets/www.akr-performance.live/svg/payment/logo-payment-mastercard.svg\"
        width=\"48\" height=\"29\" alt=\"MasterCard\"> </div> </div> <div class=\"col-xl-3
        col-lg-3 col-md-4 col-6\"><div class=\"ml-auto header-links\"><div class=\"header-link\"><a
        href=\"/login\"> <span class=\"icon\"> <i class=\"fas fa-user\"></i> </span>
        <span class=\"text\">Login</span></a></div><div class=\"header-link header-cart-wrap\"><a
        href=\"/shoppingcart\" class=\"header-cart\" title=\"Go to shoppingcart\"
        rel=\"nofollow\"> <span class=\"icon\"> <span class=\"header-cart-count\">0</span>
        <span class=\"fas fa-shopping-basket\"></span> </span> <span class=\"text\">Cart</span></a><div
        class=\"cart-collapse\"> <div class=\"cart d-none\" onclick=\"location.href='/shoppingcart'\">
        <table id=\"js-cart\"><tbody></tbody></table><template class=\"top-product-template\"><tr><td
        class=\"cart-collapse-thumb\"><img src=\"#\" width=\"40\" height=\"40\"></td><td
        class=\"cart-collapse-name\"></td><td class=\"cart-collapse-price\"></td></tr></template>
        </div> <div class=\"cart-empty py-2\"> Your shopping cart is empty </div>
        <a href=\"/shoppingcart\" title=\"Go to shoppingcart\" class=\"btn btn-primary
        pull-right\" rel=\"nofollow\"> Go to shoppingcart </a></div></div></div> </div>
        <a class=\"header-top-item item-login text-black\" href=\"/login\"> <span
        class=\"icon\"> <span class=\"fas fa-user\"></span> </span> <span class=\"text\">Login</span>
        </a> <a class=\"header-top-item item-cart text-black\" href=\"/shoppingcart\">
        <div class=\"icon\"> <span class=\"header-cart-count\">0</span> <span class=\"fas
        fa-shopping-basket\"></span> </div> <div class=\"text\">Cart</div> </a> </div>
        <div class=\"header-mobile-menu\"> <ul class=\"header-top-list\"> <li class=\"header-top-item\">
        <a href=\"https://www.akr-performance.com/\" title=\"Home\">Home </a> </li><!--
        <li class=\"header-top-item d-none d-lg-block\"> <a href=\"/blog\" title=\"Blog\">Blog</a>
        </li>--> <li class=\"header-top-item\"> <a href=\"/how-to\" title=\"How-to\">How-to
        </a> </li> <li class=\"header-top-item\"> <a href=\"/about-us\" title=\"About
        us\"> About us </a> </li> <li class=\"header-top-item\"> <a href=\"/customer-service\"
        title=\"Customer service\">Customer service </a> </li> <li class=\"header-top-item\">
        <a href=\"/brands\" title=\"Brands\"> Brands </a> </li> <li class=\"header-top-item\">
        <a href=\"/parts\" title=\"Parts\">Parts </a> </li> <li class=\"header-top-item\">
        <a href=\"/honda-model-information\" title=\"Honda Model information\"> Honda
        Model information </a> </li> <li class=\"header-top-item\"> <a href=\"/c\"
        title=\"Product Range\"> Product Range </a> </li> <li class=\"header-top-item
        header-language\"> <span class=\"header-language-trigger\"> <span class=\"flag-icon
        flag-icon-en\"></span> <span class=\"d-none d-lg-inline-block\">English</span>
        <span class=\"d-lg-none\">EN</span> <i class=\"fas fa-chevron-down\"></i>
        </span> <ul class=\"header-language-list\"> <li class=\"header-language-item\">
        <a href=\"https://www.akr-performance.nl/p/honda-koppakking-12251-rbb-004\">
        <span class=\"flag-icon flag-icon-nl\"></span> <span class=\"d-none d-lg-block\">Nederlands</span>
        <span class=\"d-lg-none\">NL</span> </a> </li> <li class=\"header-language-item\">
        <a href=\"https://www.akr-performance.de/p/honda-zylinderkopfdichtung-12251-rbb-004\">
        <span class=\"flag-icon flag-icon-de\"></span> <span class=\"d-none d-lg-block\">Deutsch</span>
        <span class=\"d-lg-none\">DE</span> </a> </li> <li class=\"header-language-item\">
        <a href=\"https://www.akr-performance.fr/p/honda-joint-de-culasse-12251-rbb-004\">
        <span class=\"flag-icon flag-icon-fr\"></span> <span class=\"d-none d-lg-block\">Fran\xE7aise</span>
        <span class=\"d-lg-none\">FR</span> </a> </li> </ul> </li></ul> <div class=\"header-payments\"><img
        src=\"/assets/www.akr-performance.live/svg/payment/logo-payment-ideal.svg\"
        width=\"30\" height=\"26\" alt=\"iDeal\"><img src=\"/assets/www.akr-performance.live/svg/payment/logo-payment-paypal.svg\"
        width=\"60\" height=\"16\" alt=\"PayPal\"><img src=\"/assets/www.akr-performance.live/svg/payment/logo-payment-giropay.svg\"
        width=\"48\" height=\"22\" alt=\"GiroPay\"><img src=\"/assets/www.akr-performance.live/svg/payment/logo-payment-webshop-certified.png\"
        width=\"83\" height=\"22\" alt=\"Keurmerk\"><img src=\"/assets/www.akr-performance.live/svg/payment/logo-payment-visa.svg\"
        width=\"55\" height=\"18\" alt=\"Visa\"><img src=\"/assets/www.akr-performance.live/svg/payment/logo-payment-mastercard.svg\"
        width=\"48\" height=\"29\" alt=\"MasterCard\"> </div> <div class=\"close-menu\">
        <span class=\"fas fa-chevron-up\"></span> </div> </div> <div class=\"header-mobile-search\">
        <form method=\"get\" action=\"/results\"> <input type=\"search\" name=\"search\"
        placeholder=\"What are you looking for?\" autocomplete=\"off\"> <button type=\"submit\">
        <span class=\"fas fa-search\"></span> </button> </form> </div> </div> </div></header><div
        class=\"container wrapper\"> <div class=\"row no-gutters\"> <div class=\"col-xl-3
        col-lg-4 col-12 d-none d-lg-block\"> <nav class=\"navigation\"> <a href=\"#\"
        class=\"navigation-collapse open mobile\"> <i class=\"fas fa-list\"></i> Parts
        menu </a> <a href=\"/c\" class=\"navigation-collapse open desktop\"> <i class=\"fas
        fa-list\"></i> Parts menu </a> <div class=\"navigation-main open\" data-back-label=\"Back\">
        <ul> <li> <a href=\"/c/sale\" title=\"Sale!\" data-id=\"28\"> Sale! </a> </li>
        <li> <a href=\"/c/new\" title=\"New parts\" data-id=\"29\"> New parts <span
        class=\"arrow\"> <span>NEW</span> </span> </a> </li> <li class=\"has-children\">
        <a href=\"/c/air-intake-system\" title=\"Air intake system\">Air intake system</a>
        <ul> <li class=\"back\"> <a href=\"#\" title=\"Back to main category\"> Back
        to main category </a> </li> <li class=\"current\"> <a href=\"/c/air-intake-system\"
        title=\"All air intake system\"> All air intake system </a> </li> <li> <a
        href=\"/c/air-intake-system/intake-manifold\">Intake manifold</a> </li> <li>
        <a href=\"/c/air-intake-system/gas-valve\">Gas valve</a> </li> <li> <a href=\"/c/air-intake-system/short-ram-air-intake\">Short
        ram Air Intake</a> </li> <li> <a href=\"/c/air-intake-system/cold-air-intake\">Cold
        Air Intake</a> </li> <li> <a href=\"/c/air-intake-system/carbon-kevlar-intake\">Carbon
        / Kevlar Intake</a> </li> <li> <a href=\"/c/air-intake-system/replacement-air-filter\">Replacement
        filter</a> </li> <li> <a href=\"/c/air-intake-system/universal-air-filter\">Universal
        air filter</a> </li> <li> <a href=\"/c/air-intake-system/breather-filters\">Breather
        Filters</a> </li> <li> <a href=\"/c/air-intake-system/seals-and-gaskets\">Seals
        and gaskets</a> </li> <li> <a href=\"/c/air-intake-system/intake-system-accessories\">Intake
        system accessories</a> </li> </ul> </li> <li class=\"has-children\"> <a href=\"/c/engine-parts-1\"
        title=\"Engine parts\">Engine parts</a> <ul> <li class=\"back\"> <a href=\"#\"
        title=\"Back to main category\"> Back to main category </a> </li> <li class=\"current\">
        <a href=\"/c/engine-parts-1\" title=\"All engine parts\"> All engine parts
        </a> </li> <li> <a href=\"/c/engine-parts-1/valve-cover\">Rocker cover</a>
        </li> <li> <a href=\"/c/engine-parts-1/cylinder-head\">Cylinder head</a> </li>
        <li> <a href=\"/c/engine-parts-1/cylinder-block\">Cylinder block</a> </li>
        <li> <a href=\"/c/engine-parts-1/oil-sump-lubrication-system\">Oil sump /
        Lubrication system</a> </li> <li> <a href=\"/c/engine-parts-1/seals-and-gaskets-1\">Seals
        and gaskets - 1</a> </li> <li> <a href=\"/c/engine-parts-1/brackets-supports-inserts\">Brackets
        / Supports / Inserts</a> </li> <li> <a href=\"/c/engine-parts-1/belts\">Belts</a>
        </li> <li> <a href=\"/c/engine-parts-1/distribution-timing\">Distribution
        / Timing</a> </li> </ul> </li> <li class=\"has-children\"> <a href=\"/c/turbo-supercharger\"
        title=\"Turbo / Supercharger\">Turbo / Supercharger</a> <ul> <li class=\"back\">
        <a href=\"#\" title=\"Back to main category\"> Back to main category </a>
        </li> <li class=\"current\"> <a href=\"/c/turbo-supercharger\" title=\"All
        turbo / supercharger\"> All turbo / supercharger </a> </li> <li> <a href=\"/c/turbo-supercharger/turbo-and-supercharger-kits\">Turbo
        and supercharger kits</a> </li> <li> <a href=\"/c/turbo-supercharger/supercharger\">Supercharger</a>
        </li> <li> <a href=\"/c/turbo-supercharger/turbo\">Turbo</a> </li> <li> <a
        href=\"/c/turbo-supercharger/turbo-manifold-downpipe\">Turbo manifold / downpipe</a>
        </li> <li> <a href=\"/c/turbo-supercharger/blow-off-valve-wastegate\">Blow
        off valve / wastegate</a> </li> <li> <a href=\"/c/turbo-supercharger/gaskets-flanges-and-adapters\">Gaskets,
        flanges and adapters</a> </li> <li> <a href=\"/c/turbo-supercharger/intercooler\">Intercooler</a>
        </li> <li> <a href=\"/c/turbo-supercharger/aluminum-tubing\">Aluminum tubing</a>
        </li> <li> <a href=\"/c/turbo-supercharger/silicone-hoses-and-couplers\">Silicone
        hoses and couplers</a> </li> </ul> </li> <li class=\"has-children\"> <a href=\"/c/ignition-system\"
        title=\"Ignition system\">Ignition system</a> <ul> <li class=\"back\"> <a
        href=\"#\" title=\"Back to main category\"> Back to main category </a> </li>
        <li class=\"current\"> <a href=\"/c/ignition-system\" title=\"All ignition
        system\"> All ignition system </a> </li> <li> <a href=\"/c/ignition-system/distributors-accessories\">Distributors
        & accessories</a> </li> <li> <a href=\"/c/ignition-system/ignition-coils\">Ignition
        coils</a> </li> <li> <a href=\"/c/ignition-system/spark-plug-wires\">Spark
        plug cables</a> </li> <li> <a href=\"/c/ignition-system/spark-plugs\">Spark
        plugs</a> </li> <li> <a href=\"/c/ignition-system/ignition-system-accessories\">Ignition
        system accessories</a> </li> </ul> </li> <li class=\"has-children\"> <a href=\"/c/fuel-system\"
        title=\"Fuel system\">Fuel system</a> <ul> <li class=\"back\"> <a href=\"#\"
        title=\"Back to main category\"> Back to main category </a> </li> <li class=\"current\">
        <a href=\"/c/fuel-system\" title=\"All fuel system\"> All fuel system </a>
        </li> <li> <a href=\"/c/fuel-system/fuel-tanks-pumps-and-accessories\">Fuel
        tanks, pumps and accessories</a> </li> <li> <a href=\"/c/fuel-system/fuel-filters\">Fuel
        filters</a> </li> <li> <a href=\"/c/fuel-system/fuel-lines-hoses-and-fittings\">Fuel
        lines, hoses and fittings</a> </li> <li> <a href=\"/c/fuel-system/fuel-rails\">Fuel
        rails</a> </li> <li> <a href=\"/c/fuel-system/fuel-pressure-regulators\">Fuel
        pressure regulators</a> </li> <li> <a href=\"/c/fuel-system/fuel-injectors\">Fuel
        injectors</a> </li> <li> <a href=\"/c/fuel-system/electronics\">Electronics</a>
        </li> <li> <a href=\"/c/fuel-system/seals-and-gaskets-2\">Seals and gaskets
        - 2</a> </li> </ul> </li> <li class=\"has-children\"> <a href=\"/c/exhaust-system\"
        title=\"Exhaust system\">Exhaust system</a> <ul> <li class=\"back\"> <a href=\"#\"
        title=\"Back to main category\"> Back to main category </a> </li> <li class=\"current\">
        <a href=\"/c/exhaust-system\" title=\"All exhaust system\"> All exhaust system
        </a> </li> <li> <a href=\"/c/exhaust-system/manifold-downpipe\">Manifold /
        Downpipe</a> </li> <li> <a href=\"/c/exhaust-system/catalytic-converter-race-cat\">Catalytic
        converter / race cat</a> </li> <li> <a href=\"/c/exhaust-system/decat-silenced-test-pipe\">Decat
        silenced / test pipe</a> </li> <li> <a href=\"/c/exhaust-system/mid-pipe-b-pipe\">mid
        pipe (B pipe)</a> </li> <li> <a href=\"/c/exhaust-system/resonator\">Resonator</a>
        </li> <li> <a href=\"/c/exhaust-system/catback\">Catback</a> </li> <li> <a
        href=\"/c/exhaust-system/gaskets-and-mounting-parts\">Gaskets/assembly materials</a>
        </li> <li> <a href=\"/c/exhaust-system/lambda-sensor\">Lambda sensor</a> </li>
        <li> <a href=\"/c/exhaust-system/universal-mufflers\">Universal mufflers </a>
        </li> <li> <a href=\"/c/exhaust-system/universal-exhaust-pipe\">Universal
        exhaust pipe</a> </li> <li> <a href=\"/c/exhaust-system/flanges-and-adapters\">Flanges
        and adapters</a> </li> <li> <a href=\"/c/exhaust-system/insulation-material\">Insulation
        material</a> </li> </ul> </li> <li class=\"has-children\"> <a href=\"/c/cooling-system\"
        title=\"Cooling system\">Cooling system</a> <ul> <li class=\"back\"> <a href=\"#\"
        title=\"Back to main category\"> Back to main category </a> </li> <li class=\"current\">
        <a href=\"/c/cooling-system\" title=\"All cooling system\"> All cooling system
        </a> </li> <li> <a href=\"/c/cooling-system/radiators\">Radiators</a> </li>
        <li> <a href=\"/c/cooling-system/radiators-caps\">Radiators caps</a> </li>
        <li> <a href=\"/c/cooling-system/radiator-fans\">Radiator fans</a> </li> <li>
        <a href=\"/c/cooling-system/thermostats-and-gaskets\">Thermostats and gaskets</a>
        </li> <li> <a href=\"/c/cooling-system/radiator-hoses\">Radiator hoses</a>
        </li> <li> <a href=\"/c/cooling-system/sensors-and-switches\">Sensors and
        switches</a> </li> <li> <a href=\"/c/cooling-system/water-pumps-and-gaskets\">Water
        pumps and gaskets</a> </li> <li> <a href=\"/c/cooling-system/oil-coolers-and-accessories\">Oil
        coolers and accessories</a> </li> <li> <a href=\"/c/cooling-system/cooling-system-accessories\">Cooling
        system accessories</a> </li> </ul> </li> <li class=\"has-children\"> <a href=\"/c/heat-air-conditioning\"
        title=\"Heat / Air conditioning\">Heat / Air conditioning</a> <ul> <li class=\"back\">
        <a href=\"#\" title=\"Back to main category\"> Back to main category </a>
        </li> <li class=\"current\"> <a href=\"/c/heat-air-conditioning\" title=\"All
        heat / air conditioning\"> All heat / air conditioning </a> </li> <li> <a
        href=\"/c/heat-air-conditioning/heating\">Heating</a> </li> <li> <a href=\"/c/heat-air-conditioning/air-conditioning\">Air
        conditioning</a> </li> <li> <a href=\"/c/heat-air-conditioning/interior-filters\">Interior
        filters</a> </li> </ul> </li> <li class=\"has-children\"> <a href=\"/c/swap-components\"
        title=\"Swap Components\">Swap Components</a> <ul> <li class=\"back\"> <a
        href=\"#\" title=\"Back to main category\"> Back to main category </a> </li>
        <li class=\"current\"> <a href=\"/c/swap-components\" title=\"All swap components\">
        All swap components </a> </li> <li> <a href=\"/c/swap-components/b-series-swap\">B-Series
        swap</a> </li> <li> <a href=\"/c/swap-components/harnesses-and-adapters\">Harnesses
        and adapters</a> </li> <li> <a href=\"/c/swap-components/f-h-series-swap\">F/H-Series
        swap</a> </li> <li> <a href=\"/c/swap-components/k-series-swap\">K-Series
        swap</a> </li> <li> <a href=\"/c/swap-components/drive-shafts\">Drive axles</a>
        </li> <li> <a href=\"/c/swap-components/intakes\">Intakes</a> </li> <li> <a
        href=\"/c/swap-components/engine-mounts\">Engine brackets</a> </li> <li> <a
        href=\"/c/swap-components/manifolds\">Manifolds</a> </li> <li> <a href=\"/c/swap-components/remaining-parts\">Remaining
        parts</a> </li> </ul> </li> <li class=\"has-children\"> <a href=\"/c/electronics-1\"
        title=\"Electronics\">Electronics</a> <ul> <li class=\"back\"> <a href=\"#\"
        title=\"Back to main category\"> Back to main category </a> </li> <li class=\"current\">
        <a href=\"/c/electronics-1\" title=\"All electronics\"> All electronics </a>
        </li> <li> <a href=\"/c/electronics-1/controllers-and-ecus\">Controllers and
        ECUs</a> </li> <li> <a href=\"/c/electronics-1/shift-lights\">Shift lights</a>
        </li> <li> <a href=\"/c/electronics-1/batteries-and-relocators\">Batteries
        and Relocators</a> </li> <li> <a href=\"/c/electronics-1/sensors\">Sensors</a>
        </li> <li> <a href=\"/c/electronics-1/switches\">Switches</a> </li> <li> <a
        href=\"/c/electronics-1/relays\">Relays</a> </li> <li> <a href=\"/c/electronics-1/fuses\">Fuses</a>
        </li> <li> <a href=\"/c/electronics-1/remaining-parts-1\">Remaining parts
        1</a> </li> </ul> </li> <li class=\"has-children\"> <a href=\"/c/gauges-and-accessories\"
        title=\"Gauges and accessories\">Gauges and accessories</a> <ul> <li class=\"back\">
        <a href=\"#\" title=\"Back to main category\"> Back to main category </a>
        </li> <li class=\"current\"> <a href=\"/c/gauges-and-accessories\" title=\"All
        gauges and accessories\"> All gauges and accessories </a> </li> <li> <a href=\"/c/gauges-and-accessories/pressure-gauges\">Pressure
        Gauges</a> </li> <li> <a href=\"/c/gauges-and-accessories/temperature-gauges\">Temperature
        Gauges</a> </li> <li> <a href=\"/c/gauges-and-accessories/boost-vacuum-gauges\">Boost
        / Vacuum Gauges</a> </li> <li> <a href=\"/c/gauges-and-accessories/air-fuel-gauges\">Air/Fuel
        Gauges</a> </li> <li> <a href=\"/c/gauges-and-accessories/voltage-gauges\">Voltage
        Gauges</a> </li> <li> <a href=\"/c/gauges-and-accessories/rpm-gauges\">RPM
        Gauges</a> </li> <li> <a href=\"/c/gauges-and-accessories/other-gauges\">Other
        gauges</a> </li> <li> <a href=\"/c/gauges-and-accessories/gauge-brackets\">Gauge
        brackets</a> </li> <li> <a href=\"/c/gauges-and-accessories/adaptors\">Adaptors</a>
        </li> </ul> </li> <li class=\"has-children\"> <a href=\"/c/drivetrain\" title=\"Drivetrain\">Drivetrain</a>
        <ul> <li class=\"back\"> <a href=\"#\" title=\"Back to main category\"> Back
        to main category </a> </li> <li class=\"current\"> <a href=\"/c/drivetrain\"
        title=\"All drivetrain\"> All drivetrain </a> </li> <li> <a href=\"/c/drivetrain/flywheels-accessories\">Flywheels
        & accessories</a> </li> <li> <a href=\"/c/drivetrain/clutches-accessories\">Clutches
        & accessories</a> </li> <li> <a href=\"/c/drivetrain/transmission-parts\">Transmission
        parts</a> </li> <li> <a href=\"/c/drivetrain/shifting-decoupling\">Shifting
        / Decoupling</a> </li> <li> <a href=\"/c/drivetrain/drive-shafts-accessories\">Drive
        axles & accessories</a> </li> <li> <a href=\"/c/drivetrain/drive-accessories\">Drive
        accessories</a> </li> </ul> </li> <li class=\"has-children\"> <a href=\"/c/chassis-suspension\"
        title=\"Chassis / Suspension\">Chassis / Suspension</a> <ul> <li class=\"back\">
        <a href=\"#\" title=\"Back to main category\"> Back to main category </a>
        </li> <li class=\"current\"> <a href=\"/c/chassis-suspension\" title=\"All
        chassis / suspension\"> All chassis / suspension </a> </li> <li> <a href=\"/c/chassis-suspension/suspension-arms\">Suspension
        arms</a> </li> <li> <a href=\"/c/chassis-suspension/kits-de-suspension\">Suspension
        bushing</a> </li> <li> <a href=\"/c/chassis-suspension/suspension-mounting\">Suspension
        mounting</a> </li> <li> <a href=\"/c/chassis-suspension/shocks-struts-springs\">Shock
        absorbers / Struts / Springs</a> </li> <li> <a href=\"/c/chassis-suspension/spring-kits-lowering-kits\">Spring
        kits / Lowering kits</a> </li> <li> <a href=\"/c/chassis-suspension/pivot-balls-and-accessories\">Pivot
        balls and accessories</a> </li> <li> <a href=\"/c/chassis-suspension/stabilizer-bars-accessories\">Stabilizer
        bars & accessories</a> </li> <li> <a href=\"/c/chassis-suspension/bars-and-braces\">Bars
        and braces</a> </li> <li> <a href=\"/c/chassis-suspension/wheel-bearings-hubs-accessories\">Wheel
        bearings, hubs & accessories</a> </li> <li> <a href=\"/c/chassis-suspension/chassis-suspension-accessories\">Undercarriage
        / Suspension accessories</a> </li> </ul> </li> <li class=\"has-children\">
        <a href=\"/c/steering-system\" title=\"Steering system\">Steering system</a>
        <ul> <li class=\"back\"> <a href=\"#\" title=\"Back to main category\"> Back
        to main category </a> </li> <li class=\"current\"> <a href=\"/c/steering-system\"
        title=\"All steering system\"> All steering system </a> </li> <li> <a href=\"/c/steering-system/steering-system\">Steering
        system</a> </li> </ul> </li> <li class=\"has-children\"> <a href=\"/c/brake-system-1\"
        title=\"Brake system\">Brake system</a> <ul> <li class=\"back\"> <a href=\"#\"
        title=\"Back to main category\"> Back to main category </a> </li> <li class=\"current\">
        <a href=\"/c/brake-system-1\" title=\"All brake system\"> All brake system
        </a> </li> <li> <a href=\"/c/brake-system-1/big-brake-kits\">Big brake kits</a>
        </li> <li> <a href=\"/c/brake-system-1/brake-calipers\">Brake calipers</a>
        </li> <li> <a href=\"/c/brake-system-1/brake-discs-front\">Front brake discs</a>
        </li> <li> <a href=\"/c/brake-system-1/front-brake-pads\">front brake pads</a>
        </li> <li> <a href=\"/c/brake-system-1/rear-brake-discs\">Rear brake discs</a>
        </li> <li> <a href=\"/c/brake-system-1/rear-brake-pads\">Rear brake pads</a>
        </li> <li> <a href=\"/c/brake-system-1/brake-drums-brake-shoes\">Brake drums
        / Brake shoes</a> </li> <li> <a href=\"/c/brake-system-1/brake-hoses-hand-brake-cables\">Brake
        hoses / Hand brake cables</a> </li> <li> <a href=\"/c/brake-system-1/brake-system-accessories\">Brake
        system accessories</a> </li> <li> <a href=\"/c/brake-system-1/fluids\">Fluids</a>
        </li> </ul> </li> <li class=\"has-children\"> <a href=\"/c/interior-1\" title=\"Interior\">Interior</a>
        <ul> <li class=\"back\"> <a href=\"#\" title=\"Back to main category\"> Back
        to main category </a> </li> <li class=\"current\"> <a href=\"/c/interior-1\"
        title=\"All interior\"> All interior </a> </li> <li> <a href=\"/c/interior-1/brake-and-shift-accessories\">Brake
        and gear accessories</a> </li> <li> <a href=\"/c/interior-1/steering-wheels-and-hubs\">Steering
        wheels and hubs</a> </li> <li> <a href=\"/c/interior-1/dashboard-accessories\">Dashboard
        accessories</a> </li> <li> <a href=\"/c/interior-1/window-mechanisms-and-controls\">Window
        mechanisms and controls</a> </li> <li> <a href=\"/c/interior-1/seats\">Seats</a>
        </li> <li> <a href=\"/c/interior-1/seat-rails\">Seat brackets</a> </li> <li>
        <a href=\"/c/interior-1/seatbelts\">Seatbelts</a> </li> <li> <a href=\"/c/interior-1/race-and-rally\">Race
        and Rally</a> </li> <li> <a href=\"/c/interior-1/floor-mats\">Floor mats</a>
        </li> <li> <a href=\"/c/interior-1/others\">Others</a> </li> </ul> </li> <li
        class=\"has-children\"> <a href=\"/c/exterior-1\" title=\"Exterior\">Exterior</a>
        <ul> <li class=\"back\"> <a href=\"#\" title=\"Back to main category\"> Back
        to main category </a> </li> <li class=\"current\"> <a href=\"/c/exterior-1\"
        title=\"All exterior\"> All exterior </a> </li> <li> <a href=\"/c/exterior-1/engine-bonnets-and-accessories\">Engine
        bonnets and accessories</a> </li> <li> <a href=\"/c/exterior-1/screens-and-wheel-flanges\">Screens
        and wheel flanges</a> </li> <li> <a href=\"/c/exterior-1/universal-sheet-metal\">Universal
        sheet metal</a> </li> <li> <a href=\"/c/exterior-1/front-bulkheads-and-accessories\">Front
        bulkheads and accessories</a> </li> <li> <a href=\"/c/exterior-1/doors-and-accessories\">Doors
        and accessories</a> </li> <li> <a href=\"/c/exterior-1/bumpers-and-accessories\">Bumpers
        and accessories</a> </li> <li> <a href=\"/c/exterior-1/bumper-lips-splitters-canards\">Bumper
        lips / splitters / canards</a> </li> <li> <a href=\"/c/exterior-1/grills\">Grills</a>
        </li> <li> <a href=\"/c/exterior-1/sideskirts-and-thresholds\">Sideskirts
        and thresholds</a> </li> <li> <a href=\"/c/exterior-1/lids-and-accessories\">Lids
        and accessories</a> </li> <li> <a href=\"/c/exterior-1/rear-spoilers-and-wings\">Rear
        spoilers and wings</a> </li> <li> <a href=\"/c/exterior-1/exterior-mirrors\">Exterior
        mirrors</a> </li> <li> <a href=\"/c/exterior-1/windows-and-accessories\">Windows
        and accessories</a> </li> <li> <a href=\"/c/exterior-1/roofs-and-accessories\">Roofs
        and accessories</a> </li> <li> <a href=\"/c/exterior-1/frames-and-rubbers\">Frames
        and rubbers</a> </li> <li> <a href=\"/c/exterior-1/mounting-material\">Mounting
        material</a> </li> <li> <a href=\"/c/exterior-1/emblems-and-logos\">Emblems
        and logos</a> </li> <li> <a href=\"/c/exterior-1/exterior-accessories\">Exterior
        accessories</a> </li> </ul> </li> <li class=\"has-children\"> <a href=\"/c/carbon-and-carbon-kevlar\"
        title=\"Carbon and Carbon-Kevlar\">Carbon and Carbon-Kevlar</a> <ul> <li class=\"back\">
        <a href=\"#\" title=\"Back to main category\"> Back to main category </a>
        </li> <li class=\"current\"> <a href=\"/c/carbon-and-carbon-kevlar\" title=\"All
        carbon and carbon-kevlar\"> All carbon and carbon-kevlar </a> </li> <li> <a
        href=\"/c/carbon-and-carbon-kevlar/carbon\">Carbon</a> </li> <li> <a href=\"/c/carbon-and-carbon-kevlar/kevlar\">Kevlar</a>
        </li> </ul> </li> <li class=\"has-children\"> <a href=\"/c/lighting\" title=\"Lighting\">Lighting</a>
        <ul> <li class=\"back\"> <a href=\"#\" title=\"Back to main category\"> Back
        to main category </a> </li> <li class=\"current\"> <a href=\"/c/lighting\"
        title=\"All lighting\"> All lighting </a> </li> <li> <a href=\"/c/lighting/headlights\">Headlights</a>
        </li> <li> <a href=\"/c/lighting/tail-lights\">Tail lights </a> </li> <li>
        <a href=\"/c/lighting/turn-indicators\">Turn indicators</a> </li> <li> <a
        href=\"/c/lighting/fog-lights\">Fog lights </a> </li> <li> <a href=\"/c/lighting/parking-lights\">Parking
        lights</a> </li> <li> <a href=\"/c/lighting/lights\">Lights</a> </li> <li>
        <a href=\"/c/lighting/remaining-parts-2\">Remaining parts 2</a> </li> </ul>
        </li> <li class=\"has-children\"> <a href=\"/c/wheels-tyres-and-accessories-1\"
        title=\"Wheels, Tyres and accessories\">Wheels, Tyres and accessories</a>
        <ul> <li class=\"back\"> <a href=\"#\" title=\"Back to main category\"> Back
        to main category </a> </li> <li class=\"current\"> <a href=\"/c/wheels-tyres-and-accessories-1\"
        title=\"All wheels, tyres and accessories\"> All wheels, tyres and accessories
        </a> </li> <li> <a href=\"/c/wheels-tyres-and-accessories-1/wheels\">Rims</a>
        </li> <li> <a href=\"/c/wheels-tyres-and-accessories-1/tyres\">Tyres</a> </li>
        <li> <a href=\"/c/wheels-tyres-and-accessories-1/wheel-studs\">Wheel studs</a>
        </li> <li> <a href=\"/c/wheels-tyres-and-accessories-1/lug-nuts\">Wheel nuts</a>
        </li> <li> <a href=\"/c/wheels-tyres-and-accessories-1/wheel-spacers\">Wheel
        spacers</a> </li> </ul> </li> <li class=\"has-children\"> <a href=\"/c/trailer-caravan-etc\"
        title=\"Trailer, caravan, etc.\">Trailer, caravan, etc.</a> <ul> <li class=\"back\">
        <a href=\"#\" title=\"Back to main category\"> Back to main category </a>
        </li> <li class=\"current\"> <a href=\"/c/trailer-caravan-etc\" title=\"All
        trailer, caravan, etc.\"> All trailer, caravan, etc. </a> </li> <li> <a href=\"/c/trailer-caravan-etc/towbars\">Towbars</a>
        </li> <li> <a href=\"/c/trailer-caravan-etc/trailer-wiring-and-lighting\">Trailer
        wiring and lighting</a> </li> <li> <a href=\"/c/trailer-caravan-etc/trailer-accessories\">Trailer
        accessories</a> </li> </ul> </li> <li class=\"has-children\"> <a href=\"/c/accessories\"
        title=\"Accessories\">Accessories</a> <ul> <li class=\"back\"> <a href=\"#\"
        title=\"Back to main category\"> Back to main category </a> </li> <li class=\"current\">
        <a href=\"/c/accessories\" title=\"All accessories\"> All accessories </a>
        </li> <li> <a href=\"/c/accessories/giftcard\">Giftcard</a> </li> <li> <a
        href=\"/c/accessories/t-shirts\">T-shirts</a> </li> <li> <a href=\"/c/accessories/hoody-sweaters\">Hoody
        & sweaters</a> </li> <li> <a href=\"/c/accessories/coats\">Coats</a> </li>
        <li> <a href=\"/c/accessories/hats-and-caps\">Hats and caps</a> </li> <li>
        <a href=\"/c/accessories/other-clothes\">Other clothes</a> </li> <li> <a href=\"/c/accessories/promotional-stickers-and-emblems\">Promotional
        stickers and emblems</a> </li> <li> <a href=\"/c/accessories/banners-and-flags\">Banners
        and Flags</a> </li> <li> <a href=\"/c/accessories/license-plate-holder\">License
        plate holder</a> </li> <li> <a href=\"/c/accessories/key-rings\">Key chains</a>
        </li> <li> <a href=\"/c/accessories/books-magazines\">Books & Magazines</a>
        </li> <li> <a href=\"/c/accessories/other-accessories\">Other accessories</a>
        </li> </ul> </li> <li class=\"has-children\"> <a href=\"/c/oil-fluids\" title=\"Oil
        & Fluids\">Oil & Fluids</a> <ul> <li class=\"back\"> <a href=\"#\" title=\"Back
        to main category\"> Back to main category </a> </li> <li class=\"current\">
        <a href=\"/c/oil-fluids\" title=\"All oil & fluids\"> All oil & fluids </a>
        </li> <li> <a href=\"/c/oil-fluids/motor-oil\">Motor Oil</a> </li> <li> <a
        href=\"/c/oil-fluids/engine-oil-supplier-specified\">Engine oil (supplier
        specified)</a> </li> <li> <a href=\"/c/oil-fluids/transmission-differential-fluids\">Transmission
        / differential fluids</a> </li> <li> <a href=\"/c/oil-fluids/brake-clutch-fluid\">Brake
        and gear fluids</a> </li> <li> <a href=\"/c/oil-fluids/other-fluids\">Other
        fluids</a> </li> <li> <a href=\"/c/oil-fluids/coolant\">Coolant</a> </li>
        <li> <a href=\"/c/oil-fluids/windshield-washer-fluid\">Windshield washer fluid</a>
        </li> <li> <a href=\"/c/oil-fluids/fuel-and-oil-additives\">Fuel and oil additives</a>
        </li> </ul> </li> <li class=\"has-children\"> <a href=\"/c/tools-and-consumables\"
        title=\"Tools and consumables\">Tools and consumables</a> <ul> <li class=\"back\">
        <a href=\"#\" title=\"Back to main category\"> Back to main category </a>
        </li> <li class=\"current\"> <a href=\"/c/tools-and-consumables\" title=\"All
        tools and consumables\"> All tools and consumables </a> </li> <li> <a href=\"/c/tools-and-consumables/adhesives-and-sealants\">Adhesives
        and sealants</a> </li> <li> <a href=\"/c/tools-and-consumables/lubricants\">Lubricants</a>
        </li> <li> <a href=\"/c/tools-and-consumables/cleaners-and-degreasers\">Cleaners
        and degreasers</a> </li> <li> <a href=\"/c/tools-and-consumables/primers-coatings-and-paints\">Primers,
        coatings and paints</a> </li> <li> <a href=\"/c/tools-and-consumables/fasteners\">Fasteners</a>
        </li> <li> <a href=\"/c/tools-and-consumables/battery-maintenance\">Battery
        maintenance</a> </li> <li> <a href=\"/c/tools-and-consumables/ignition\">Ignition</a>
        </li> <li> <a href=\"/c/tools-and-consumables/electrical-tools\">Electrical
        tools</a> </li> <li> <a href=\"/c/tools-and-consumables/hand-tools\">Hand
        Tools</a> </li> <li> <a href=\"/c/tools-and-consumables/other\">Other</a>
        </li> </ul> </li> <li class=\"has-children\"> <a href=\"/c/car-care-products\"
        title=\"Car care products\">Car care products</a> <ul> <li class=\"back\">
        <a href=\"#\" title=\"Back to main category\"> Back to main category </a>
        </li> <li class=\"current\"> <a href=\"/c/car-care-products\" title=\"All
        car care products\"> All car care products </a> </li> <li> <a href=\"/c/car-care-products/interior-care\">Interior
        care</a> </li> <li> <a href=\"/c/car-care-products/exterior-care\">Exterior
        care</a> </li> <li> <a href=\"/c/car-care-products/engine-bay-care\">Engine
        bay care</a> </li> <li> <a href=\"/c/car-care-products/wheels-and-tires\">Wheels
        and tires care</a> </li> </ul> </li> <li class=\"has-children\"> <a href=\"/c/used-parts\"
        title=\"Used parts\">Used parts</a> <ul> <li class=\"back\"> <a href=\"#\"
        title=\"Back to main category\"> Back to main category </a> </li> <li class=\"current\">
        <a href=\"/c/used-parts\" title=\"All used parts\"> All used parts </a> </li>
        <li> <a href=\"/c/used-parts/used-parts\">Used parts</a> </li> </ul> </li>
        <li class=\"d-block d-md-none has-children\"> <a href=\"#\" class=\"navigation-other\">Nederlands</a>
        <ul> <li class=\"back\"> <a href=\"#\" title=\"Back\"> Back </a> </li> <li
        class=\"header-language-item\"> <a href=\"#\"> <span class=\"flag-icon flag-icon-en\"></span>
        English </a> </li> <li class=\"header-language-item\"> <a href=\"#\"> <span
        class=\"flag-icon flag-icon-de\"></span> Deutsch </a> </li> <li class=\"header-language-item\">
        <a href=\"#\"> <span class=\"flag-icon flag-icon-fr\"></span> Fran\xE7aise
        </a> </li> </ul> </li> <li class=\"d-block d-md-none\"> <a href=\"/login\"
        title=\"Login\"> Login </a> </li> <li class=\"d-block d-md-none\"> <a href=\"/over-ons\"
        title=\"About us\" class=\"navigation-other\"> About us </a> </li> <li class=\"d-block
        d-md-none\"> <a href=\"/klantenservice\" title=\"Customer service\" class=\"navigation-other\">
        Customer service </a> </li> </ul> </div></nav> </div> <div class=\"col-xl-9
        col-12\"><main class=\"content\"><div class=\"trustpilot-sm\"><span class=\"text\">Customers
        give us a 4,8 out of 5 on</span><span class=\"image\"><img src=\"/assets/www.akr-performance.live/img/trustpilot/trustpilot-white.png\"\twidth=\"85\"
        height=\"21\" alt=\"Trustpilot\" class=\"img-fluid\"></span></div><script
        type=\"application/ld+json\">{\"@context\":\"http:\\/\\/schema.org\",\"@type\":\"BreadcrumbList\",\"itemListElement\":[{\"@type\":\"ListItem\",\"position\":1,\"item\":{\"@id\":\"https:\\/\\/www.akr-performance.com\\/\",\"name\":\"Home\"}},{\"@type\":\"ListItem\",\"position\":2,\"item\":{\"@id\":\"https:\\/\\/www.akr-performance.com\\/c\\/engine-parts-1\",\"name\":\"Engine
        parts\"}},{\"@type\":\"ListItem\",\"position\":3,\"item\":{\"@id\":\"https:\\/\\/www.akr-performance.com\\/c\\/engine-parts-1\\/seals-and-gaskets-1\",\"name\":\"Seals
        and gaskets - 1\"}},{\"@type\":\"ListItem\",\"position\":4,\"item\":{\"@id\":\"https:\\/\\/www.akr-performance.com\\/p\\/honda-cylinder-head-gasket-12251-rbb-004\",\"name\":\"Honda
        Cylinder head gasket\"}}]}</script><nav class=\"breadcrumb-bar\"> <ul class=\"breadcrumb-bar-list\">
        <li class=\"breadcrumb-bar-list-item\"><a href=\"https://www.akr-performance.com/\"><span>Home</span></a><i
        class=\"fas fa-chevron-right\"></i> </li> <li class=\"breadcrumb-bar-list-item\"><a
        href=\"https://www.akr-performance.com/c/engine-parts-1\"><span>Engine parts</span></a><i
        class=\"fas fa-chevron-right\"></i> </li> <li class=\"breadcrumb-bar-list-item\"><a
        href=\"https://www.akr-performance.com/c/engine-parts-1/seals-and-gaskets-1\"><span>Seals
        and gaskets - 1</span></a><i class=\"fas fa-chevron-right\"></i> </li> <li
        class=\"breadcrumb-bar-list-item\"><a href=\"https://www.akr-performance.com/p/honda-cylinder-head-gasket-12251-rbb-004\"><span>Honda
        Cylinder head gasket</span></a> </li> </ul> <div class=\"breadcrumb-bar-trustpilot
        trustpilot-small\"> <a href=\"https://nl.trustpilot.com/review/www.akr-performance.nl\"
        target=\"_blank\" title=\"Trustpilot\"><div class=\"trustpilot-image\"><img
        src=\"/assets/www.akr-performance.live/img/trustpilot/trustpilot.png\" class=\"img-fluid\"></div>
        <span class=\"trustpilot-score-mark\"><span class=\"trustpilot-score-mark-inner\"><span
        class=\"large\">4,8</span><span class=\"small\">from 5</span></span> </span>
        </a> </div> </nav><section class=\"content-row content-row-sm product-page\"\tid=\"top\"\tdata-product-gtm=\"{&quot;name&quot;:&quot;Honda
        Cylinder head gasket&quot;,&quot;id&quot;:&quot;12251-RBB-004&quot;,&quot;price&quot;:&quot;116.80&quot;,&quot;brand&quot;:&quot;Honda&quot;,&quot;category&quot;:&quot;Engine
        parts&quot;,&quot;variant&quot;:&quot;Seals and gaskets - 1&quot;}\"\tdata-product-stock=\"4\"\tdata-product-id=\"943\"\tdata-category-title=\"Engine
        parts\"\tdata-category-id=\"2\"\tdata-category-carpart-name=\"Seals and gaskets
        - 1\"\tdata-category-carpart-id=\"15\"\tdata-car-brand-id=\"9\"\tdata-car-model-id=\"44\"\tdata-car-type-id=\"131\"\tdata-product-article-number=\"12251-RBB-004\"><div
        class=\"d-lg-flex align-items-center justify-content-between\"> <h1 class=\"product-page-title
        product-title mb-0\">\tHonda Cylinder head gasket -\t12251-RBB-004 </h1> <div
        class=\"d-none d-lg-block\"><div class=\"wishlist\"\tdata-car-brand-id=\"9\"\tdata-car-model-id=\"44\"\tdata-car-type-id=\"131\"\tdata-product-article-number=\"12251-RBB-004\"\tdata-added=\"Added
        to your wishlist\"\tdata-removed=\"Add to your wishlist\"><span class=\"text\">Add
        to your wishlist</span><span class=\"btn-action btn-wishlist\"></span></div>
        </div></div><div class=\"product-page-subtitle\"> <div class=\"d-flex align-items-center\">
        <div class=\"d-flex mr-2\"><i class=\"fas fa-star text-yellow\"></i><i class=\"fas
        fa-star text-yellow\"></i><i class=\"fas fa-star text-yellow\"></i><i class=\"fas
        fa-star text-yellow\"></i><i class=\"fas fa-star text-yellow\"></i> </div>
        <a href=\"#reviews\" class=\"text-black internal-link\"> <span>4</span>\tReviews
        </a> </div> </div> <hr class=\"d-none d-lg-block\" /> <div class=\"row\">
        <div class=\"col-xl-6 col-lg-6 col-12\"><!-- desktop --><div class=\"d-none
        d-lg-block position-relative\"><div class=\"label-detail-choice label-choice\"
        data-toggle=\"modal\" data-target=\"#product-choice-label-modal\"><span class=\"fa
        fa-thumbs-up\" aria-hidden=\"true\"></span><span class=\"text\">AKR's choice</span></div>
        <div class=\"custom-slider\"> <div class=\"item\"> <img src=\"https://www.akr-performance.com/media/products/engine-parts-1-accord-4-door-sedan-2003-2005-24i_honda-cylinder-head-gasket-12251-rbb-004.jpg\"
        alt=\"Honda Cylinder head gasket Honda Accord 4-Door Sedan 2003-2005 2.4i\"
        height=\"400\" width=\"400\" class=\"img-fit\"> <a href=\"/brands/honda\"
        class=\"product-brand-link\"> <img src=\"https://www.akr-performance.com/assets/www.akr-performance.live/img/brands/honda.png\"
        alt=\"honda\" class=\"product-slider-branding\"> </a> </div> </div></div><!--
        mobile --><div class=\"d-lg-none position-relative\"><div class=\"label-choice\"
        data-toggle=\"modal\" data-target=\"#product-choice-label-modal\"><span class=\"fa
        fa-thumbs-up\" aria-hidden=\"true\"></span><span class=\"text\">AKR's choice</span></div>
        <div class=\"product-images draggable-slider mt-3 mb-3\"> <div class=\"images\">
        <div class=\"product-image\"> <img src=\"https://www.akr-performance.com/media/products/engine-parts-1-accord-4-door-sedan-2003-2005-24i_honda-cylinder-head-gasket-12251-rbb-004.jpg\"
        alt=\"Honda Cylinder head gasket Honda Accord 4-Door Sedan 2003-2005 2.4i\"
        class=\"img-fluid\"> <a href=\"/brands/honda\" class=\"product-brand-link\">
        <img src=\"https://www.akr-performance.com/assets/www.akr-performance.live/img/brands/honda.png\"
        alt=\"honda\" class=\"product-slider-branding\"> </a> </div> </div> </div></div>
        </div> <aside class=\"col-xl-6 col-lg-6 col-12 product-page-side\"> <div class=\"mb-3\">
        <div class=\"row\"> <div class=\"col-xl-6 col-lg-6 col-6\"> <div class=\"product-page-price\">
        <span class=\"product-page-price-new\">&euro; 116,80</span> <sup class=\"product-page-grouping\">\tper
        piece </sup> <span class=\"product-page-price-btw\">\t(Incl. 21% VAT) </span>
        </div> </div> <div class=\"col-xl-6 col-lg-6 col-6\"> <div class=\"product-page-delivery
        mt-1\"> <div class=\"product-delivery-time\"> <span class=\"product-delivery-time-indicator
        product-delivery-time-indicator-available\"></span> Ready to ship in 2-3 business
        days </div> </div> <div class=\"product-page-delivery\"> <div class=\"product-delivery-time\">
        <span class=\"product-delivery-time-indicator product-delivery-time-indicator-available\"></span>2
        years guarantee </div> </div> </div> </div> </div> <div class=\"product-page-cart\">
        <div class=\"form-group product-page-cart-finish\"> <div class=\"form-amount
        d-flex align-items-center\"> <input class=\"form-control product-amount-input\"
        type=\"number\" value=\"1\" min=\"1\" name=\"amount\" data-stock-amount=\"0\"
        /> <div class=\"form-amount-control\"> <a href=\"#\" class=\"form-amount-plus\">&plus;</a>
        <a href=\"#\" class=\"form-amount-min\">-</a> </div> </div> <button class=\"btn
        btn-primary btn-match btn-move btn-move-right open-cart-modal btn-move-cart
        btn-cart-detail\"\tdata-target=\"#product-cart\"\tdata-product-link-id=\"56990\">
        <span>Add to cart</span> </button> </div> <div class=\"d-lg-none text-center
        mb-3\"><div class=\"wishlist\"\tdata-car-brand-id=\"9\"\tdata-car-model-id=\"44\"\tdata-car-type-id=\"131\"\tdata-product-article-number=\"12251-RBB-004\"\tdata-added=\"Added
        to your wishlist\"\tdata-removed=\"Add to your wishlist\"><span class=\"text\">Add
        to your wishlist</span><span class=\"btn-action btn-wishlist\"></span></div>
        </div> </div> <div class=\"mb-3\"><div class=\"card bg-success\"> <div class=\"card-body\"><div
        class=\"text\">Check if this product fits your Honda</div><div class=\"car-selector
        collapse show\"><div class=\"pt-3\"><form method=\"POST\" action=\"\" class=\"car-filter\">
        <div class=\"form-row form-row-parent\"> <div class=\"form-select-wrapper\">
        <select name=\"car_brand_id\"\tclass=\"form-select car-filter-brand\"\tdata-selected=\"0\"\tdata-placeholder=\"Choose
        model\" disabled> <option value=\"\">\tChoose model </option> </select> </div>
        </div> <div class=\"form-row form-row-parent\"> <div class=\"form-select-wrapper\">
        <select name=\"car_model_id\"\tclass=\"form-select car-filter-model\"\tdata-selected=\"0\"\tdata-placeholder=\"Choose
        year\"\tdisabled> <option value=\"\">\tChoose year </option> </select> </div>
        </div> <div class=\"form-row form-row-parent\"> <div class=\"form-select-wrapper\">
        <select name=\"car_type_id\"\tclass=\"form-select car-filter-type\"\tdata-selected=\"0\"\tdata-placeholder=\"Choose
        type\"\tdisabled> <option value=\"\">\tChoose type </option> </select> </div>
        </div> <div class=\"d-block\"> <button type=\"submit\" class=\"btn btn-primary
        btn-block btn-move btn-move-right top\"> <span>Check if this fits </span>
        </button> </div> </form></div></div> </div> </div></div><hr class=\"d-lg-none\"
        /><div class=\"product-page-specifications\" data-more=\"+ Meer\" data-less=\"-
        Minder\"><div class=\"product-specs-inner\"> <div><b>Article number:</b> 12251-RBB-004</div></div></div><hr
        /><div class=\"d-flex align-items-center mt-2\"><div class=\"company-choice-label\"><span
        class=\"fa fa-thumbs-up\" aria-hidden=\"true\"></span><div class=\"texts ml-2\"><div
        class=\"text-md\">AKR's</div><div class=\"text-xl font-weight-bold\">CHOICE</div></div></div><div
        class=\"d-block font-sm ml-3\"><div class=\"font-weight-bold\">Our choice
        within this category</div><a href=\"#\" data-toggle=\"modal\" data-target=\"#product-choice-label-modal\"
        class=\"text-blue\"><span class=\"fas fa-chevron-right\"></span><span class=\"text
        ml-1\">More information</span></a></div></div> </aside> </div><hr /><div class=\"row\"><div
        class=\"col-12\"><div class=\"h2\">Product description</div><ul class=\"list-bullets\"><li>
        Genuine Honda cylinder head gasket</li><li> What type of gasket does Honda
        use? Honda uses an MLS type gasket which stands for \"Multiple Layers Steel\".</li><li>
        Most modern head engines are produced with MLS gaskets. These typically consist
        of three layers of steel. The contact faces are usually coated with a rubber-like
        coating such as Viton that adheres to the cylinder block and cylinder head
        respectively whilst the thicker center layer is bare.</li></ul></div></div><hr
        /><div\tclass=\"product-page-specs\"\tdata-more=\"More\" data-less=\"Less\"\t><div
        class=\"product-specs-inner\"> <div class=\"h2 product-page-side-heading\">This
        product fits on:</div><div class=\"row\"><div class=\"col-xl-6 col-lg-6 col-12\"><ul
        class=\"list-collapsible list-unstyled\"><li class=\"open\"><div class=\"list-title\">Honda
        Accord 4-Door Sedan</div><div class=\"list-items\"> <div class=\"item\"> <a
        href=\"/parts/accord-4-door-sedan/2003-2005/24i/engine-parts-1/seals-and-gaskets-1\"
        class=\"text-underline text-danger\">\tHonda Accord 4-Door Sedan 2003-2005
        2.4i\t(CL9) </a> </div> <div class=\"item\"> <a href=\"/parts/accord-4-door-sedan/2005-2008/24i/engine-parts-1/seals-and-gaskets-1\"
        class=\"text-underline text-danger\">\tHonda Accord 4-Door Sedan 2005-2008
        2.4i\t(CL9) </a> </div> </div></li></ul></div><div class=\"col-xl-6 col-lg-6
        col-12\"><ul class=\"list-collapsible list-unstyled\"><li class=\"open\"><div
        class=\"list-title\">Honda Accord Tourer</div><div class=\"list-items\"> <div
        class=\"item\"> <a href=\"/parts/accord-tourer/2003-2005/24i/engine-parts-1/seals-and-gaskets-1\"
        class=\"text-underline text-danger\">\tHonda Accord Tourer 2003-2005 2.4i\t(CM2)
        </a> </div> <div class=\"item\"> <a href=\"/parts/accord-tourer/2005-2008/24i/engine-parts-1/seals-and-gaskets-1\"
        class=\"text-underline text-danger\">\tHonda Accord Tourer 2005-2008 2.4i\t(CM2)
        </a> </div> </div></li></ul></div></div></div></div><hr /> <div class=\"reviews-block\"
        id=\"reviews\"> <header class=\"reviews-block-header\"> <div class=\"h2\">Reviews</div>
        <a href=\"#\" class=\"btn btn-success open-modal\" data-toggle=\"modal\" data-target=\"#review-modal\">Write
        a review</a> </header> <section class=\"reviews-block-reviews draggable-slider\">
        <div class=\"row\"> <div class=\"col-xl-4 col-lg-6 col-12\"> <div class=\"review\">
        <header class=\"review-header\"> <div class=\"h3 review-heading\"> Bryan V
        </div> <span class=\"review-date\"> <time>06-09-2017</time> </span> </header>
        <div class=\"review-content js-review-content\"\tdata-more=\"Read more\"\tdata-less=\"Read
        less\"> <div class=\"js-review-content-inner\"> <div class=\"d-flex align-items-center
        mb-2\"> <div class=\"d-flex\"><i class=\"fas fa-star text-yellow\"></i><i
        class=\"fas fa-star text-yellow\"></i><i class=\"fas fa-star text-yellow\"></i><i
        class=\"fas fa-star text-yellow\"></i><i class=\"fas fa-star text-yellow\"></i>
        </div><span class=\"ml-2 font-weight-bold\">5/5</span> </div> <div class=\"description\">
        <div class=\"mb-2\"> <div class=\"h4\">What do you think of the quality?</div>
        excellent </div> <div class=\"mb-0\"> <div class=\"h4\">How was the delivery?</div>Fast,
        hassle-free delivery!</div> </div> </div> </div> </div> </div> <div class=\"col-xl-4
        col-lg-6 col-12\"> <div class=\"review\"> <header class=\"review-header\">
        <div class=\"h3 review-heading\"> Elizabeth C </div> <span class=\"review-date\">
        <time>13-08-2020</time> </span> </header> <div class=\"review-content js-review-content\"\tdata-more=\"Read
        more\"\tdata-less=\"Read less\"> <div class=\"js-review-content-inner\"> <div
        class=\"d-flex align-items-center mb-2\"> <div class=\"d-flex\"><i class=\"fas
        fa-star text-yellow\"></i><i class=\"fas fa-star text-yellow\"></i><i class=\"fas
        fa-star text-yellow\"></i><i class=\"fas fa-star text-yellow\"></i><i class=\"far
        fa-star text-yellow active\"></i> </div><span class=\"ml-2 font-weight-bold\">4/5</span>
        </div> <div class=\"description\"> <div class=\"mb-2\"> <div class=\"h4\">What
        do you think of the quality?</div> Honda product for a good price </div> <div
        class=\"mb-0\"> <div class=\"h4\">How was the delivery?</div>The best shop
        for Honda parts that i know. Shipping very fast, even the Honda dealer next
        door needs more time to get the parts:-)</div> </div> </div> </div> </div>
        </div> <div class=\"col-xl-4 col-lg-6 col-12\"> <div class=\"review\"> <header
        class=\"review-header\"> <div class=\"h3 review-heading\"> Brandon L </div>
        <span class=\"review-date\"> <time>23-07-2017</time> </span> </header> <div
        class=\"review-content js-review-content\"\tdata-more=\"Read more\"\tdata-less=\"Read
        less\"> <div class=\"js-review-content-inner\"> <div class=\"d-flex align-items-center
        mb-2\"> <div class=\"d-flex\"><i class=\"fas fa-star text-yellow\"></i><i
        class=\"fas fa-star text-yellow\"></i><i class=\"fas fa-star text-yellow\"></i><i
        class=\"fas fa-star text-yellow\"></i><i class=\"far fa-star text-yellow active\"></i>
        </div><span class=\"ml-2 font-weight-bold\">4/5</span> </div> <div class=\"description\">
        <div class=\"mb-2\"> <div class=\"h4\">What do you think of the quality?</div>
        \U0001F604\U0001F4AA\U0001F3FC\U0001F525 </div> <div class=\"mb-0\"> <div
        class=\"h4\">How was the delivery?</div>Neatly packed, fast delivery. \U0001F973</div>
        </div> </div> </div> </div> </div> <div class=\"col-xl-4 col-lg-6 col-12\">
        <div class=\"review\"> <header class=\"review-header\"> <div class=\"h3 review-heading\">
        Susan O </div> <span class=\"review-date\"> <time>29-03-2020</time> </span>
        </header> <div class=\"review-content js-review-content\"\tdata-more=\"Read
        more\"\tdata-less=\"Read less\"> <div class=\"js-review-content-inner\"> <div
        class=\"d-flex align-items-center mb-2\"> <div class=\"d-flex\"><i class=\"fas
        fa-star text-yellow\"></i><i class=\"fas fa-star text-yellow\"></i><i class=\"fas
        fa-star text-yellow\"></i><i class=\"fas fa-star text-yellow\"></i><i class=\"far
        fa-star text-yellow active\"></i> </div><span class=\"ml-2 font-weight-bold\">4/5</span>
        </div> <div class=\"description\"> <div class=\"mb-2\"> <div class=\"h4\">What
        do you think of the quality?</div> \U0001F4AF </div> <div class=\"mb-0\">
        <div class=\"h4\">How was the delivery?</div>Don't change</div> </div> </div>
        </div> </div> </div> </div> </section> </div> <hr /><div class=\"d-block\"
        id=\"product-others\"><div class=\"h2\">Similar products</div><p>These products
        have the same OEM number but are of a different quality or a different brand.</p><div
        class=\"products product-others product-detail-list similar-products products-4
        draggable-slider\"><div class=\"row\"><div class=\"product-block\"\tdata-product-id=\"3336\"\tdata-category-title=\"Engine
        parts\"\tdata-category-id=\"2\"\tdata-category-carpart-name=\"Seals and gaskets
        - 1\"\tdata-category-carpart-id=\"15\"\tdata-gtm=\"{&quot;name&quot;:&quot;MAHLE
        Cylinder head gasket&quot;,&quot;id&quot;:&quot;54526&quot;,&quot;price&quot;:&quot;130.45&quot;,&quot;brand&quot;:&quot;MAHLE&quot;,&quot;category&quot;:&quot;Engine
        parts&quot;,&quot;variant&quot;:&quot;Seals and gaskets - 1&quot;}\"><div
        class=\"product-block-inner\"><div class=\"product-block-top\"><h3 class=\"product-block-title\"><a
        href=\"https://www.akr-performance.com/p/mahle-cylinder-head-gasket-54526\"
        title=\"MAHLE Cylinder head gasket\"><span itemprop=\"name\">MAHLE Cylinder
        head gasket</span></a></h3><div class=\"article-number\"><small>54526</small></div><div
        class=\"product-images\"><a href=\"https://www.akr-performance.com/p/mahle-cylinder-head-gasket-54526\"
        title=\"MAHLE Cylinder head gasket\" class=\"product-block-thumb\"><img src=\"https://www.akr-performance.com/media/products/engine-parts-1---_mahle-cylinder-head-gasket-54526.jpg\"\twidth=\"180\"\theight=\"180\"\talt=\"MAHLE
        Cylinder head gasket \"\tloading=\"lazy\"></a></div></div><div class=\"product-block-actions\"><div
        class=\"product-block-actions-row\"><div class=\"product-block-price w-100\"><div
        class=\"product-block-price-val d-flex align-items-center justify-content-between\"><span>&euro;
        130,45</span><small>(Incl. 21% VAT)</small></div></div></div><div class=\"product-block-actions-row\"><div
        class=\"product-delivery-time\"><span class=\"product-delivery-time-indicator
        product-delivery-time-indicator-almostavailable\"></span>Ready to ship in
        6-10 business days</div></div><div class=\"product-block-actions-buttons\"><a
        href=\"#\"\tclass=\"btn btn-primary btn-block btn-move btn-move-right btn-move-cart
        open-cart-modal\"\tdata-target=\"#product-cart\"\tdata-product-link-id=\"179510\"><span>In
        shoppingcart</span></a><a href=\"https://www.akr-performance.com/p/mahle-cylinder-head-gasket-54526\"
        class=\"btn btn-secondary btn-block\"><span>More info</span></a></div></div></div></div><div
        class=\"product-block\"\tdata-product-id=\"5478\"\tdata-category-title=\"Engine
        parts\"\tdata-category-id=\"2\"\tdata-category-carpart-name=\"Seals and gaskets
        - 1\"\tdata-category-carpart-id=\"15\"\tdata-gtm=\"{&quot;name&quot;:&quot;Cometic
        Cylinder head gasket (MLS) - 86.00mm \\/ 0.46mm&quot;,&quot;id&quot;:&quot;C4300-018&quot;,&quot;price&quot;:&quot;158.25&quot;,&quot;brand&quot;:&quot;Cometic&quot;,&quot;category&quot;:&quot;Engine
        parts&quot;,&quot;variant&quot;:&quot;Seals and gaskets - 1&quot;}\"><div
        class=\"product-block-inner\"><div class=\"product-block-top\"><h3 class=\"product-block-title\"><a
        href=\"https://www.akr-performance.com/p/cometic-cylinder-head-gasket-mls-8600mm-046mm-c4300-018\"
        title=\"Cometic Cylinder head gasket (MLS) - 86.00mm / 0.46mm\"><span itemprop=\"name\">Cometic
        Cylinder head gasket (MLS) - 86.00mm / 0.46mm</span></a></h3><div class=\"article-number\"><small>C4300-018</small></div><div
        class=\"product-images\"><a href=\"https://www.akr-performance.com/p/cometic-cylinder-head-gasket-mls-8600mm-046mm-c4300-018\"
        title=\"Cometic Cylinder head gasket (MLS) - 86.00mm / 0.46mm\" class=\"product-block-thumb\"><img
        src=\"https://www.akr-performance.com/media/products/engine-parts-1---_cometic-cylinder-head-gasket-mls-8600mm-046mm-c4300-018.jpg\"\twidth=\"180\"\theight=\"180\"\talt=\"Cometic
        Cylinder head gasket (MLS) - 86.00mm / 0.46mm \"\tloading=\"lazy\"></a></div></div><div
        class=\"product-block-actions\"><div class=\"product-block-actions-row\"><div
        class=\"product-block-price w-100\"><div class=\"product-block-price-val d-flex
        align-items-center justify-content-between\"><span>&euro; 158,25</span><small>(Incl.
        21% VAT)</small></div></div></div><div class=\"product-block-actions-row\"><div
        class=\"product-delivery-time\"><span class=\"product-delivery-time-indicator
        product-delivery-time-indicator-almostavailable\"></span>Ready to ship in
        5-6 weeks</div></div><div class=\"product-block-actions-buttons\"><a href=\"#\"\tclass=\"btn
        btn-primary btn-block btn-move btn-move-right btn-move-cart open-cart-modal\"\tdata-target=\"#product-cart\"\tdata-product-link-id=\"141268\"><span>In
        shoppingcart</span></a><a href=\"https://www.akr-performance.com/p/cometic-cylinder-head-gasket-mls-8600mm-046mm-c4300-018\"
        class=\"btn btn-secondary btn-block\"><span>More info</span></a></div></div></div></div><div
        class=\"product-block\"\tdata-product-id=\"5479\"\tdata-category-title=\"Engine
        parts\"\tdata-category-id=\"2\"\tdata-category-carpart-name=\"Seals and gaskets
        - 1\"\tdata-category-carpart-id=\"15\"\tdata-gtm=\"{&quot;name&quot;:&quot;Cometic
        Cylinder head gasket (MLS) - 86.00mm \\/ 0.76mm&quot;,&quot;id&quot;:&quot;C4300-030&quot;,&quot;price&quot;:&quot;158.25&quot;,&quot;brand&quot;:&quot;Cometic&quot;,&quot;category&quot;:&quot;Engine
        parts&quot;,&quot;variant&quot;:&quot;Seals and gaskets - 1&quot;}\"><div
        class=\"product-block-inner\"><div class=\"product-block-top\"><h3 class=\"product-block-title\"><a
        href=\"https://www.akr-performance.com/p/cometic-cylinder-head-gasket-mls-8600mm-076mm-c4300-030\"
        title=\"Cometic Cylinder head gasket (MLS) - 86.00mm / 0.76mm\"><span itemprop=\"name\">Cometic
        Cylinder head gasket (MLS) - 86.00mm / 0.76mm</span></a></h3><div class=\"article-number\"><small>C4300-030</small></div><div
        class=\"product-images\"><a href=\"https://www.akr-performance.com/p/cometic-cylinder-head-gasket-mls-8600mm-076mm-c4300-030\"
        title=\"Cometic Cylinder head gasket (MLS) - 86.00mm / 0.76mm\" class=\"product-block-thumb\"><img
        src=\"https://www.akr-performance.com/media/products/engine-parts-1---_cometic-cylinder-head-gasket-mls-8600mm-076mm-c4300-030.jpg\"\twidth=\"180\"\theight=\"180\"\talt=\"Cometic
        Cylinder head gasket (MLS) - 86.00mm / 0.76mm \"\tloading=\"lazy\"></a></div></div><div
        class=\"product-block-actions\"><div class=\"product-block-actions-row\"><div
        class=\"product-block-price w-100\"><div class=\"product-block-price-val d-flex
        align-items-center justify-content-between\"><span>&euro; 158,25</span><small>(Incl.
        21% VAT)</small></div></div></div><div class=\"product-block-actions-row\"><div
        class=\"product-delivery-time\"><span class=\"product-delivery-time-indicator
        product-delivery-time-indicator-almostavailable\"></span>Ready to ship in
        6-10 business days</div></div><div class=\"product-block-actions-buttons\"><a
        href=\"#\"\tclass=\"btn btn-primary btn-block btn-move btn-move-right btn-move-cart
        open-cart-modal\"\tdata-target=\"#product-cart\"\tdata-product-link-id=\"141285\"><span>In
        shoppingcart</span></a><a href=\"https://www.akr-performance.com/p/cometic-cylinder-head-gasket-mls-8600mm-076mm-c4300-030\"
        class=\"btn btn-secondary btn-block\"><span>More info</span></a></div></div></div></div><div
        class=\"product-block\"\tdata-product-id=\"5480\"\tdata-category-title=\"Engine
        parts\"\tdata-category-id=\"2\"\tdata-category-carpart-name=\"Seals and gaskets
        - 1\"\tdata-category-carpart-id=\"15\"\tdata-gtm=\"{&quot;name&quot;:&quot;Cometic
        Cylinder head gasket (MLS) - 87.00mm \\/ 0.76mm&quot;,&quot;id&quot;:&quot;C4311-030&quot;,&quot;price&quot;:&quot;158.25&quot;,&quot;brand&quot;:&quot;Cometic&quot;,&quot;category&quot;:&quot;Engine
        parts&quot;,&quot;variant&quot;:&quot;Seals and gaskets - 1&quot;}\"><div
        class=\"product-block-inner\"><div class=\"product-block-top\"><h3 class=\"product-block-title\"><a
        href=\"https://www.akr-performance.com/p/cometic-cylinder-head-gasket-mls-8700mm-076mm-c4311-030\"
        title=\"Cometic Cylinder head gasket (MLS) - 87.00mm / 0.76mm\"><span itemprop=\"name\">Cometic
        Cylinder head gasket (MLS) - 87.00mm / 0.76mm</span></a></h3><div class=\"article-number\"><small>C4311-030</small></div><div
        class=\"product-images\"><a href=\"https://www.akr-performance.com/p/cometic-cylinder-head-gasket-mls-8700mm-076mm-c4311-030\"
        title=\"Cometic Cylinder head gasket (MLS) - 87.00mm / 0.76mm\" class=\"product-block-thumb\"><img
        src=\"https://www.akr-performance.com/media/products/engine-parts-1---_cometic-cylinder-head-gasket-mls-8700mm-076mm-c4311-030.jpg\"\twidth=\"180\"\theight=\"180\"\talt=\"Cometic
        Cylinder head gasket (MLS) - 87.00mm / 0.76mm \"\tloading=\"lazy\"></a></div></div><div
        class=\"product-block-actions\"><div class=\"product-block-actions-row\"><div
        class=\"product-block-price w-100\"><div class=\"product-block-price-val d-flex
        align-items-center justify-content-between\"><span>&euro; 158,25</span><small>(Incl.
        21% VAT)</small></div></div></div><div class=\"product-block-actions-row\"><div
        class=\"product-delivery-time\"><span class=\"product-delivery-time-indicator
        product-delivery-time-indicator-almostavailable\"></span>Ready to ship in
        6-10 business days</div></div><div class=\"product-block-actions-buttons\"><a
        href=\"#\"\tclass=\"btn btn-primary btn-block btn-move btn-move-right btn-move-cart
        open-cart-modal\"\tdata-target=\"#product-cart\"\tdata-product-link-id=\"141302\"><span>In
        shoppingcart</span></a><a href=\"https://www.akr-performance.com/p/cometic-cylinder-head-gasket-mls-8700mm-076mm-c4311-030\"
        class=\"btn btn-secondary btn-block\"><span>More info</span></a></div></div></div></div><div
        class=\"product-block\"\tdata-product-id=\"5481\"\tdata-category-title=\"Engine
        parts\"\tdata-category-id=\"2\"\tdata-category-carpart-name=\"Seals and gaskets
        - 1\"\tdata-category-carpart-id=\"15\"\tdata-gtm=\"{&quot;name&quot;:&quot;Cometic
        Cylinder head gasket (MLS) - 88.00mm \\/ 0.76mm&quot;,&quot;id&quot;:&quot;C4312-030&quot;,&quot;price&quot;:&quot;158.25&quot;,&quot;brand&quot;:&quot;Cometic&quot;,&quot;category&quot;:&quot;Engine
        parts&quot;,&quot;variant&quot;:&quot;Seals and gaskets - 1&quot;}\"><div
        class=\"product-block-inner\"><div class=\"product-block-top\"><h3 class=\"product-block-title\"><a
        href=\"https://www.akr-performance.com/p/cometic-cylinder-head-gasket-mls-8800mm-076mm-c4312-030\"
        title=\"Cometic Cylinder head gasket (MLS) - 88.00mm / 0.76mm\"><span itemprop=\"name\">Cometic
        Cylinder head gasket (MLS) - 88.00mm / 0.76mm</span></a></h3><div class=\"article-number\"><small>C4312-030</small></div><div
        class=\"product-images\"><a href=\"https://www.akr-performance.com/p/cometic-cylinder-head-gasket-mls-8800mm-076mm-c4312-030\"
        title=\"Cometic Cylinder head gasket (MLS) - 88.00mm / 0.76mm\" class=\"product-block-thumb\"><img
        src=\"https://www.akr-performance.com/media/products/engine-parts-1---_cometic-cylinder-head-gasket-mls-8800mm-076mm-c4312-030.jpg\"\twidth=\"180\"\theight=\"180\"\talt=\"Cometic
        Cylinder head gasket (MLS) - 88.00mm / 0.76mm \"\tloading=\"lazy\"></a></div></div><div
        class=\"product-block-actions\"><div class=\"product-block-actions-row\"><div
        class=\"product-block-price w-100\"><div class=\"product-block-price-val d-flex
        align-items-center justify-content-between\"><span>&euro; 158,25</span><small>(Incl.
        21% VAT)</small></div></div></div><div class=\"product-block-actions-row\"><div
        class=\"product-delivery-time\"><span class=\"product-delivery-time-indicator
        product-delivery-time-indicator-almostavailable\"></span>Ready to ship in
        6-10 business days</div></div><div class=\"product-block-actions-buttons\"><a
        href=\"#\"\tclass=\"btn btn-primary btn-block btn-move btn-move-right btn-move-cart
        open-cart-modal\"\tdata-target=\"#product-cart\"\tdata-product-link-id=\"141319\"><span>In
        shoppingcart</span></a><a href=\"https://www.akr-performance.com/p/cometic-cylinder-head-gasket-mls-8800mm-076mm-c4312-030\"
        class=\"btn btn-secondary btn-block\"><span>More info</span></a></div></div></div></div><div
        class=\"product-block\"\tdata-product-id=\"5482\"\tdata-category-title=\"Engine
        parts\"\tdata-category-id=\"2\"\tdata-category-carpart-name=\"Seals and gaskets
        - 1\"\tdata-category-carpart-id=\"15\"\tdata-gtm=\"{&quot;name&quot;:&quot;Cometic
        Cylinder head gasket (MLS) - 89.00mm \\/ 0.76mm&quot;,&quot;id&quot;:&quot;C4313-030&quot;,&quot;price&quot;:&quot;158.25&quot;,&quot;brand&quot;:&quot;Cometic&quot;,&quot;category&quot;:&quot;Engine
        parts&quot;,&quot;variant&quot;:&quot;Seals and gaskets - 1&quot;}\"><div
        class=\"product-block-inner\"><div class=\"product-block-top\"><h3 class=\"product-block-title\"><a
        href=\"https://www.akr-performance.com/p/cometic-cylinder-head-gasket-mls-8900mm-076mm-c4313-030\"
        title=\"Cometic Cylinder head gasket (MLS) - 89.00mm / 0.76mm\"><span itemprop=\"name\">Cometic
        Cylinder head gasket (MLS) - 89.00mm / 0.76mm</span></a></h3><div class=\"article-number\"><small>C4313-030</small></div><div
        class=\"product-images\"><a href=\"https://www.akr-performance.com/p/cometic-cylinder-head-gasket-mls-8900mm-076mm-c4313-030\"
        title=\"Cometic Cylinder head gasket (MLS) - 89.00mm / 0.76mm\" class=\"product-block-thumb\"><img
        src=\"https://www.akr-performance.com/media/products/engine-parts-1---_cometic-cylinder-head-gasket-mls-8900mm-076mm-c4313-030.jpg\"\twidth=\"180\"\theight=\"180\"\talt=\"Cometic
        Cylinder head gasket (MLS) - 89.00mm / 0.76mm \"\tloading=\"lazy\"></a></div></div><div
        class=\"product-block-actions\"><div class=\"product-block-actions-row\"><div
        class=\"product-block-price w-100\"><div class=\"product-block-price-val d-flex
        align-items-center justify-content-between\"><span>&euro; 158,25</span><small>(Incl.
        21% VAT)</small></div></div></div><div class=\"product-block-actions-row\"><div
        class=\"product-delivery-time\"><span class=\"product-delivery-time-indicator
        product-delivery-time-indicator-almostavailable\"></span>Ready to ship in
        6-10 business days</div></div><div class=\"product-block-actions-buttons\"><a
        href=\"#\"\tclass=\"btn btn-primary btn-block btn-move btn-move-right btn-move-cart
        open-cart-modal\"\tdata-target=\"#product-cart\"\tdata-product-link-id=\"141336\"><span>In
        shoppingcart</span></a><a href=\"https://www.akr-performance.com/p/cometic-cylinder-head-gasket-mls-8900mm-076mm-c4313-030\"
        class=\"btn btn-secondary btn-block\"><span>More info</span></a></div></div></div></div></div></div></div><hr
        /><div class=\"d-block\"><div class=\"h2\">Frequently Asked Questions</div><div
        class=\"d-block mt-3\"><div class=\"accordion\"> <div class=\"card\"> <div
        class=\"card-header p-0 bg-gray\"> <div class=\"h5 mb-0\"> <button class=\"btn
        btn-link\" type=\"button\" data-toggle=\"collapse\" data-target=\"#collapse-0-1\"
        aria-expanded=\"false\" > Will this product fit my car? </button> </div> </div>
        <div id=\"collapse-0-1\" class=\"collapse\"> <div class=\"card-body\"> <p>Our
        self-built database is one of the largest in Europe. We have manually checked
        all products and matched them with the type of Honda it fits on.</p><p>You
        can therefore rest assured that this product will fit the cars shown under
        the heading \"This product fits on:\".</p> </div> </div> </div> <div class=\"card\">
        <div class=\"card-header p-0 bg-gray\"> <div class=\"h5 mb-0\"> <button class=\"btn
        btn-link\" type=\"button\" data-toggle=\"collapse\" data-target=\"#collapse-1-1\"
        aria-expanded=\"false\" > What is the delivery time? </button> </div> </div>
        <div id=\"collapse-1-1\" class=\"collapse\"> <div class=\"card-body\"> <p>The
        stock status of this product is: \"Ready to ship in 2-3 business days\".</p><p>Depending
        on the destination, you can expect the product a few days later.</p> </div>
        </div> </div> <div class=\"card\"> <div class=\"card-header p-0 bg-gray\">
        <div class=\"h5 mb-0\"> <button class=\"btn btn-link\" type=\"button\" data-toggle=\"collapse\"
        data-target=\"#collapse-2-1\" aria-expanded=\"false\" > What are the shipping
        costs? </button> </div> </div> <div id=\"collapse-2-1\" class=\"collapse\">
        <div class=\"card-body\"> <p>Shipping costs are calculated during checkout.
        This depends on the size and weight of the product you order, the country
        of destination and the delivery person. We do our best to keep delivery costs
        as low as possible. View the <a href=\"https://www.akr-performance.com/customer-service\">current
        delivery costs</a> on the your details page.</p> </div> </div> </div> <div
        class=\"card\"> <div class=\"card-header p-0 bg-gray\"> <div class=\"h5 mb-0\">
        <button class=\"btn btn-link\" type=\"button\" data-toggle=\"collapse\" data-target=\"#collapse-3-1\"
        aria-expanded=\"false\" > What payment methods do you have? </button> </div>
        </div> <div id=\"collapse-3-1\" class=\"collapse\"> <div class=\"card-body\">
        <p>We have nearly all payment methods. This way you can pay with your favorite
        payment method.</p><p>&nbsp;</p><p>Among other things, we have:</p><ul><li>iDeal</li><li>Paypal</li><li>Credit
        card Visa</li><li>Credit card Maestro</li><li>AfterPay</li><li>Banktransfer</li><li>And
        more</li></ul> </div> </div> </div> </div></div></div></section></main> <div
        id=\"feedback-page\"\tdata-translate-site-feedback-title=\"What do you think
        of this page?\"\tdata-translate-site-feedback-button=\"Send\"\n></div><footer
        class=\"footer mt-5\"> <div class=\"footer-row\"> <div class=\"contact\"><ul>
        <li> <b>AKR-Performance.com</b> </li> <li> Noorderbreedte 14 </li> <li> 3845
        MB Harderwijk </li> <li> Tel: <a href=\"tel:+31341422602\" title=\"Bel AKR-Performance.com\"
        >0341 422 602</a> </li> <li> E-mail: <a href=\"mailto:info@akr-performance.com\"
        title=\"Mail AKR-Performance.com\" >info@akr-performance.com</a> </li></ul>
        </div> <div class=\"social\"> <a href=\"https://www.instagram.com/akrperformance/\"
        target=\"_blank\" rel=\"nofollow\" title=\"AKR-Performance.com Instagram\">
        <i class=\"fab fa-instagram text-black\"></i> </a> <a href=\"https://www.facebook.com/AKRperformance/\"
        target=\"_blank\" rel=\"nofollow\" title=\"AKR-Performance.com Facebook\">
        <i class=\"fab fa-facebook-square text-darkblue\"></i> </a> </div> </div>
        <div class=\"footer-row\"> <div class=\"menu\"><ul> <li> <a href=\"/brands\"
        title=\"Brands\"> Brands </a> </li> <li> <a href=\"/parts\" title=\"Honda
        model information\"> Honda model information </a> </li> <li> <a href=\"/c\"
        title=\"Product Range\"> Product Range </a> </li> <li> <a href=\"/algemene-voorwaarden\"
        title=\"Terms and conditions\" rel=\"nofollow\"> Terms and conditions </a>
        </li> <li> <a href=\"/brands\" title=\"Sitemap\"> Sitemap </a> </li> <li><!--
        /SEO dropdown COM --><select name=\"jumpMenu\" id=\"jumpMenu\" onchange=\"javascript:location.href
        = this.value;\" style=\"font-size: 10px; background-color: #ffffff; color:
        #000000;\"><option>Quick menu</option><option value=\"https://www.akr-performance.com/blog/honda-civic-ej9-spoiler-rear-wing\">Honda
        Civic ej9 Spoiler rear wing</option></select> </li></ul> </div> <div class=\"copyright\">
        Copyright AKR-Performance.com </div> </div></footer> </div> </div></div><div
        id=\"review-modal\" class=\"modal-content modal-xl\"> <form class=\"form form-light
        form-validate\" action=\"#\" method=\"post\"> <span class=\"h1\">Write a review</span>
        <p>Help others choose the right</p> <div class=\"form-group\"> <label for=\"webshop_reviewName\">Your
        name</label> <input type=\"text\" name=\"webshop_reviewName\" id=\"webshop_reviewName\"
        value=\"\" class=\"form-control\" data-required=\"This is a required field\"
        required> </div> <div class=\"form-group\"> <label for=\"webshop_reviewEmailAddress\">E-mail
        address</label> <input type=\"email\" name=\"webshop_reviewEmailAddress\"
        id=\"webshop_reviewEmailAddress\" value=\"\" class=\"form-control\" data-required=\"This
        is a required field\" data-email=\"Please enter a valid email address here\"
        required> </div> <div class=\"form-group\"> <label>What score do you give
        this product?</label> <div class=\"reviews-stars\"> <div class=\"stars-interactive
        product-stars\"> <i class=\"fas fa-star inactive\"></i> <i class=\"fas fa-star
        inactive\"></i> <i class=\"fas fa-star inactive\"></i> <i class=\"fas fa-star
        inactive\"></i> <i class=\"fas fa-star inactive\"></i> </div> <input type=\"hidden\"
        name=\"stars\" value=\"\" data-required=\"This is a required field\" required>
        </div> </div> <div class=\"form-group\"> <label for=\"webshop_reviewAnswer1\">What
        do you think of the quality?</label> <textarea class=\"form-control\" name=\"webshop_reviewAnswer1\"
        id=\"webshop_reviewAnswer1\"\tdata-required=\"This is a required field\" required></textarea>
        </div> <div class=\"form-group\"> <label for=\"webshop_reviewAnswer2\">How
        was the delivery?</label> <textarea class=\"form-control\" name=\"webshop_reviewAnswer2\"
        id=\"webshop_reviewAnswer2\"\tdata-required=\"This is a required field\" required></textarea>
        </div> <div class=\"form-group\"><button type=\"submit\" class=\"btn btn-primary
        btn-uppercase\">Send review</button><a href=\"#\" class=\"modal-cancel link-mute\">Cancel</a>
        </div> </form></div><div id=\"stock-notification-modal\" class=\"modal-content
        modal-lg modal-white\"><div class=\"wrap\"> <form class=\"form form-light
        form-validate\" method=\"post\"><div class=\"h1\">Notify me when this product
        is back on stock</div><p>Do you want us to notify you when &ldquo;<span class=\"product-title\"></span>&rdquo;
        is back on stock?</p> <div class=\"form-group\"> <div class=\"row align-items-center\">
        <div class=\"col-xl-4 col-lg-5 col-12\"> <label for=\"webshop_product_alertName\"
        class=\"m-0\">\tPlease enter your name: </label> </div> <div class=\"col-xl-8
        col-lg-7 col-12\"> <input type=\"text\"\tclass=\"form-control\"\tname=\"webshop_product_alertName\"\tid=\"webshop_product_alertName\"\trequired\t>
        </div> </div> </div> <div class=\"form-group\"> <div class=\"row align-items-center\">
        <div class=\"col-xl-4 col-lg-5 col-12\"> <label for=\"webshop_product_alertEmailAddress\"
        class=\"m-0\">\tYour mail adress: </label> </div> <div class=\"col-xl-8 col-lg-7
        col-12\"> <input type=\"email\"\tclass=\"form-control\"\tname=\"webshop_product_alertEmailAddress\"\tid=\"webshop_product_alertEmailAddress\"\trequired\t>
        </div> </div> </div> <div class=\"form-group\"> <div class=\"row\"> <div class=\"col-12\"><button
        type=\"submit\" class=\"btn btn-success btn-block btn-uppercase mt-2\">Set
        alert</button> </div> </div> </div> </form><hr /><div class=\"d-block\"><div
        class=\"h2\">Similar products</div><p>These products have the same OEM number
        but are of a different quality or a different brand.</p><div class=\"products
        products-3 draggable-slider\"><div class=\"row\"><div class=\"product-block\"\tdata-product-id=\"3336\"\tdata-category-title=\"Engine
        parts\"\tdata-category-id=\"2\"\tdata-category-carpart-name=\"Seals and gaskets
        - 1\"\tdata-category-carpart-id=\"15\"\tdata-gtm=\"{&quot;name&quot;:&quot;MAHLE
        Cylinder head gasket&quot;,&quot;id&quot;:&quot;54526&quot;,&quot;price&quot;:&quot;130.45&quot;,&quot;brand&quot;:&quot;MAHLE&quot;,&quot;category&quot;:&quot;Engine
        parts&quot;,&quot;variant&quot;:&quot;Seals and gaskets - 1&quot;}\"><div
        class=\"product-block-inner\"><div class=\"product-block-top\"><h3 class=\"product-block-title\"><a
        href=\"https://www.akr-performance.com/p/mahle-cylinder-head-gasket-54526\"
        title=\"MAHLE Cylinder head gasket\"><span itemprop=\"name\">MAHLE Cylinder
        head gasket</span></a></h3><div class=\"article-number\"><small>54526</small></div><div
        class=\"product-images\"><a href=\"https://www.akr-performance.com/p/mahle-cylinder-head-gasket-54526\"
        title=\"MAHLE Cylinder head gasket\" class=\"product-block-thumb\"><img src=\"https://www.akr-performance.com/media/products/engine-parts-1---_mahle-cylinder-head-gasket-54526.jpg\"\twidth=\"180\"\theight=\"180\"\talt=\"MAHLE
        Cylinder head gasket \"\tloading=\"lazy\"></a></div></div><div class=\"product-block-actions\"><div
        class=\"product-block-actions-row\"><div class=\"product-block-price w-100\"><div
        class=\"product-block-price-val d-flex align-items-center justify-content-between\"><span>&euro;
        130,45</span><small>(Incl. 21% VAT)</small></div></div></div><div class=\"product-block-actions-row\"><div
        class=\"product-delivery-time\"><span class=\"product-delivery-time-indicator
        product-delivery-time-indicator-almostavailable\"></span>Ready to ship in
        6-10 business days</div></div><div class=\"product-block-actions-buttons\"><a
        href=\"#\"\tclass=\"btn btn-primary btn-block btn-move btn-move-right btn-move-cart
        open-cart-modal\"\tdata-target=\"#product-cart\"\tdata-product-link-id=\"179510\"><span>In
        shoppingcart</span></a><a href=\"https://www.akr-performance.com/p/mahle-cylinder-head-gasket-54526\"
        class=\"btn btn-secondary btn-block\"><span>More info</span></a></div></div></div></div><div
        class=\"product-block\"\tdata-product-id=\"5478\"\tdata-category-title=\"Engine
        parts\"\tdata-category-id=\"2\"\tdata-category-carpart-name=\"Seals and gaskets
        - 1\"\tdata-category-carpart-id=\"15\"\tdata-gtm=\"{&quot;name&quot;:&quot;Cometic
        Cylinder head gasket (MLS) - 86.00mm \\/ 0.46mm&quot;,&quot;id&quot;:&quot;C4300-018&quot;,&quot;price&quot;:&quot;158.25&quot;,&quot;brand&quot;:&quot;Cometic&quot;,&quot;category&quot;:&quot;Engine
        parts&quot;,&quot;variant&quot;:&quot;Seals and gaskets - 1&quot;}\"><div
        class=\"product-block-inner\"><div class=\"product-block-top\"><h3 class=\"product-block-title\"><a
        href=\"https://www.akr-performance.com/p/cometic-cylinder-head-gasket-mls-8600mm-046mm-c4300-018\"
        title=\"Cometic Cylinder head gasket (MLS) - 86.00mm / 0.46mm\"><span itemprop=\"name\">Cometic
        Cylinder head gasket (MLS) - 86.00mm / 0.46mm</span></a></h3><div class=\"article-number\"><small>C4300-018</small></div><div
        class=\"product-images\"><a href=\"https://www.akr-performance.com/p/cometic-cylinder-head-gasket-mls-8600mm-046mm-c4300-018\"
        title=\"Cometic Cylinder head gasket (MLS) - 86.00mm / 0.46mm\" class=\"product-block-thumb\"><img
        src=\"https://www.akr-performance.com/media/products/engine-parts-1---_cometic-cylinder-head-gasket-mls-8600mm-046mm-c4300-018.jpg\"\twidth=\"180\"\theight=\"180\"\talt=\"Cometic
        Cylinder head gasket (MLS) - 86.00mm / 0.46mm \"\tloading=\"lazy\"></a></div></div><div
        class=\"product-block-actions\"><div class=\"product-block-actions-row\"><div
        class=\"product-block-price w-100\"><div class=\"product-block-price-val d-flex
        align-items-center justify-content-between\"><span>&euro; 158,25</span><small>(Incl.
        21% VAT)</small></div></div></div><div class=\"product-block-actions-row\"><div
        class=\"product-delivery-time\"><span class=\"product-delivery-time-indicator
        product-delivery-time-indicator-almostavailable\"></span>Ready to ship in
        5-6 weeks</div></div><div class=\"product-block-actions-buttons\"><a href=\"#\"\tclass=\"btn
        btn-primary btn-block btn-move btn-move-right btn-move-cart open-cart-modal\"\tdata-target=\"#product-cart\"\tdata-product-link-id=\"141268\"><span>In
        shoppingcart</span></a><a href=\"https://www.akr-performance.com/p/cometic-cylinder-head-gasket-mls-8600mm-046mm-c4300-018\"
        class=\"btn btn-secondary btn-block\"><span>More info</span></a></div></div></div></div><div
        class=\"product-block\"\tdata-product-id=\"5479\"\tdata-category-title=\"Engine
        parts\"\tdata-category-id=\"2\"\tdata-category-carpart-name=\"Seals and gaskets
        - 1\"\tdata-category-carpart-id=\"15\"\tdata-gtm=\"{&quot;name&quot;:&quot;Cometic
        Cylinder head gasket (MLS) - 86.00mm \\/ 0.76mm&quot;,&quot;id&quot;:&quot;C4300-030&quot;,&quot;price&quot;:&quot;158.25&quot;,&quot;brand&quot;:&quot;Cometic&quot;,&quot;category&quot;:&quot;Engine
        parts&quot;,&quot;variant&quot;:&quot;Seals and gaskets - 1&quot;}\"><div
        class=\"product-block-inner\"><div class=\"product-block-top\"><h3 class=\"product-block-title\"><a
        href=\"https://www.akr-performance.com/p/cometic-cylinder-head-gasket-mls-8600mm-076mm-c4300-030\"
        title=\"Cometic Cylinder head gasket (MLS) - 86.00mm / 0.76mm\"><span itemprop=\"name\">Cometic
        Cylinder head gasket (MLS) - 86.00mm / 0.76mm</span></a></h3><div class=\"article-number\"><small>C4300-030</small></div><div
        class=\"product-images\"><a href=\"https://www.akr-performance.com/p/cometic-cylinder-head-gasket-mls-8600mm-076mm-c4300-030\"
        title=\"Cometic Cylinder head gasket (MLS) - 86.00mm / 0.76mm\" class=\"product-block-thumb\"><img
        src=\"https://www.akr-performance.com/media/products/engine-parts-1---_cometic-cylinder-head-gasket-mls-8600mm-076mm-c4300-030.jpg\"\twidth=\"180\"\theight=\"180\"\talt=\"Cometic
        Cylinder head gasket (MLS) - 86.00mm / 0.76mm \"\tloading=\"lazy\"></a></div></div><div
        class=\"product-block-actions\"><div class=\"product-block-actions-row\"><div
        class=\"product-block-price w-100\"><div class=\"product-block-price-val d-flex
        align-items-center justify-content-between\"><span>&euro; 158,25</span><small>(Incl.
        21% VAT)</small></div></div></div><div class=\"product-block-actions-row\"><div
        class=\"product-delivery-time\"><span class=\"product-delivery-time-indicator
        product-delivery-time-indicator-almostavailable\"></span>Ready to ship in
        6-10 business days</div></div><div class=\"product-block-actions-buttons\"><a
        href=\"#\"\tclass=\"btn btn-primary btn-block btn-move btn-move-right btn-move-cart
        open-cart-modal\"\tdata-target=\"#product-cart\"\tdata-product-link-id=\"141285\"><span>In
        shoppingcart</span></a><a href=\"https://www.akr-performance.com/p/cometic-cylinder-head-gasket-mls-8600mm-076mm-c4300-030\"
        class=\"btn btn-secondary btn-block\"><span>More info</span></a></div></div></div></div><div
        class=\"product-block\"\tdata-product-id=\"5480\"\tdata-category-title=\"Engine
        parts\"\tdata-category-id=\"2\"\tdata-category-carpart-name=\"Seals and gaskets
        - 1\"\tdata-category-carpart-id=\"15\"\tdata-gtm=\"{&quot;name&quot;:&quot;Cometic
        Cylinder head gasket (MLS) - 87.00mm \\/ 0.76mm&quot;,&quot;id&quot;:&quot;C4311-030&quot;,&quot;price&quot;:&quot;158.25&quot;,&quot;brand&quot;:&quot;Cometic&quot;,&quot;category&quot;:&quot;Engine
        parts&quot;,&quot;variant&quot;:&quot;Seals and gaskets - 1&quot;}\"><div
        class=\"product-block-inner\"><div class=\"product-block-top\"><h3 class=\"product-block-title\"><a
        href=\"https://www.akr-performance.com/p/cometic-cylinder-head-gasket-mls-8700mm-076mm-c4311-030\"
        title=\"Cometic Cylinder head gasket (MLS) - 87.00mm / 0.76mm\"><span itemprop=\"name\">Cometic
        Cylinder head gasket (MLS) - 87.00mm / 0.76mm</span></a></h3><div class=\"article-number\"><small>C4311-030</small></div><div
        class=\"product-images\"><a href=\"https://www.akr-performance.com/p/cometic-cylinder-head-gasket-mls-8700mm-076mm-c4311-030\"
        title=\"Cometic Cylinder head gasket (MLS) - 87.00mm / 0.76mm\" class=\"product-block-thumb\"><img
        src=\"https://www.akr-performance.com/media/products/engine-parts-1---_cometic-cylinder-head-gasket-mls-8700mm-076mm-c4311-030.jpg\"\twidth=\"180\"\theight=\"180\"\talt=\"Cometic
        Cylinder head gasket (MLS) - 87.00mm / 0.76mm \"\tloading=\"lazy\"></a></div></div><div
        class=\"product-block-actions\"><div class=\"product-block-actions-row\"><div
        class=\"product-block-price w-100\"><div class=\"product-block-price-val d-flex
        align-items-center justify-content-between\"><span>&euro; 158,25</span><small>(Incl.
        21% VAT)</small></div></div></div><div class=\"product-block-actions-row\"><div
        class=\"product-delivery-time\"><span class=\"product-delivery-time-indicator
        product-delivery-time-indicator-almostavailable\"></span>Ready to ship in
        6-10 business days</div></div><div class=\"product-block-actions-buttons\"><a
        href=\"#\"\tclass=\"btn btn-primary btn-block btn-move btn-move-right btn-move-cart
        open-cart-modal\"\tdata-target=\"#product-cart\"\tdata-product-link-id=\"141302\"><span>In
        shoppingcart</span></a><a href=\"https://www.akr-performance.com/p/cometic-cylinder-head-gasket-mls-8700mm-076mm-c4311-030\"
        class=\"btn btn-secondary btn-block\"><span>More info</span></a></div></div></div></div><div
        class=\"product-block\"\tdata-product-id=\"5481\"\tdata-category-title=\"Engine
        parts\"\tdata-category-id=\"2\"\tdata-category-carpart-name=\"Seals and gaskets
        - 1\"\tdata-category-carpart-id=\"15\"\tdata-gtm=\"{&quot;name&quot;:&quot;Cometic
        Cylinder head gasket (MLS) - 88.00mm \\/ 0.76mm&quot;,&quot;id&quot;:&quot;C4312-030&quot;,&quot;price&quot;:&quot;158.25&quot;,&quot;brand&quot;:&quot;Cometic&quot;,&quot;category&quot;:&quot;Engine
        parts&quot;,&quot;variant&quot;:&quot;Seals and gaskets - 1&quot;}\"><div
        class=\"product-block-inner\"><div class=\"product-block-top\"><h3 class=\"product-block-title\"><a
        href=\"https://www.akr-performance.com/p/cometic-cylinder-head-gasket-mls-8800mm-076mm-c4312-030\"
        title=\"Cometic Cylinder head gasket (MLS) - 88.00mm / 0.76mm\"><span itemprop=\"name\">Cometic
        Cylinder head gasket (MLS) - 88.00mm / 0.76mm</span></a></h3><div class=\"article-number\"><small>C4312-030</small></div><div
        class=\"product-images\"><a href=\"https://www.akr-performance.com/p/cometic-cylinder-head-gasket-mls-8800mm-076mm-c4312-030\"
        title=\"Cometic Cylinder head gasket (MLS) - 88.00mm / 0.76mm\" class=\"product-block-thumb\"><img
        src=\"https://www.akr-performance.com/media/products/engine-parts-1---_cometic-cylinder-head-gasket-mls-8800mm-076mm-c4312-030.jpg\"\twidth=\"180\"\theight=\"180\"\talt=\"Cometic
        Cylinder head gasket (MLS) - 88.00mm / 0.76mm \"\tloading=\"lazy\"></a></div></div><div
        class=\"product-block-actions\"><div class=\"product-block-actions-row\"><div
        class=\"product-block-price w-100\"><div class=\"product-block-price-val d-flex
        align-items-center justify-content-between\"><span>&euro; 158,25</span><small>(Incl.
        21% VAT)</small></div></div></div><div class=\"product-block-actions-row\"><div
        class=\"product-delivery-time\"><span class=\"product-delivery-time-indicator
        product-delivery-time-indicator-almostavailable\"></span>Ready to ship in
        6-10 business days</div></div><div class=\"product-block-actions-buttons\"><a
        href=\"#\"\tclass=\"btn btn-primary btn-block btn-move btn-move-right btn-move-cart
        open-cart-modal\"\tdata-target=\"#product-cart\"\tdata-product-link-id=\"141319\"><span>In
        shoppingcart</span></a><a href=\"https://www.akr-performance.com/p/cometic-cylinder-head-gasket-mls-8800mm-076mm-c4312-030\"
        class=\"btn btn-secondary btn-block\"><span>More info</span></a></div></div></div></div><div
        class=\"product-block\"\tdata-product-id=\"5482\"\tdata-category-title=\"Engine
        parts\"\tdata-category-id=\"2\"\tdata-category-carpart-name=\"Seals and gaskets
        - 1\"\tdata-category-carpart-id=\"15\"\tdata-gtm=\"{&quot;name&quot;:&quot;Cometic
        Cylinder head gasket (MLS) - 89.00mm \\/ 0.76mm&quot;,&quot;id&quot;:&quot;C4313-030&quot;,&quot;price&quot;:&quot;158.25&quot;,&quot;brand&quot;:&quot;Cometic&quot;,&quot;category&quot;:&quot;Engine
        parts&quot;,&quot;variant&quot;:&quot;Seals and gaskets - 1&quot;}\"><div
        class=\"product-block-inner\"><div class=\"product-block-top\"><h3 class=\"product-block-title\"><a
        href=\"https://www.akr-performance.com/p/cometic-cylinder-head-gasket-mls-8900mm-076mm-c4313-030\"
        title=\"Cometic Cylinder head gasket (MLS) - 89.00mm / 0.76mm\"><span itemprop=\"name\">Cometic
        Cylinder head gasket (MLS) - 89.00mm / 0.76mm</span></a></h3><div class=\"article-number\"><small>C4313-030</small></div><div
        class=\"product-images\"><a href=\"https://www.akr-performance.com/p/cometic-cylinder-head-gasket-mls-8900mm-076mm-c4313-030\"
        title=\"Cometic Cylinder head gasket (MLS) - 89.00mm / 0.76mm\" class=\"product-block-thumb\"><img
        src=\"https://www.akr-performance.com/media/products/engine-parts-1---_cometic-cylinder-head-gasket-mls-8900mm-076mm-c4313-030.jpg\"\twidth=\"180\"\theight=\"180\"\talt=\"Cometic
        Cylinder head gasket (MLS) - 89.00mm / 0.76mm \"\tloading=\"lazy\"></a></div></div><div
        class=\"product-block-actions\"><div class=\"product-block-actions-row\"><div
        class=\"product-block-price w-100\"><div class=\"product-block-price-val d-flex
        align-items-center justify-content-between\"><span>&euro; 158,25</span><small>(Incl.
        21% VAT)</small></div></div></div><div class=\"product-block-actions-row\"><div
        class=\"product-delivery-time\"><span class=\"product-delivery-time-indicator
        product-delivery-time-indicator-almostavailable\"></span>Ready to ship in
        6-10 business days</div></div><div class=\"product-block-actions-buttons\"><a
        href=\"#\"\tclass=\"btn btn-primary btn-block btn-move btn-move-right btn-move-cart
        open-cart-modal\"\tdata-target=\"#product-cart\"\tdata-product-link-id=\"141336\"><span>In
        shoppingcart</span></a><a href=\"https://www.akr-performance.com/p/cometic-cylinder-head-gasket-mls-8900mm-076mm-c4313-030\"
        class=\"btn btn-secondary btn-block\"><span>More info</span></a></div></div></div></div></div></div></div>
        </div></div><template class=\"category-block-template\" data-image-path=\"/assets/www.akr-performance.live/img/categories/icons/\"><div
        class=\"col-xl-4 col-lg-4 col-6 category\"><a href=\"#\" class=\"card justify-content-center
        align-items-center category-url\"><span class=\"text-center mt-3 d-flex align-items-center
        justify-content-center d-column\"><span class=\"category-image\"></span><span
        class=\"card-body\"><span class=\"card-text category-title\"></span></span></span></a></div></template><template
        class=\"product-block-template\"><div class=\"product-block\"><div class=\"product-block-inner\"><div
        class=\"product-block-top\"><h3 class=\"product-block-title\"></h3><div class=\"product-images\"></div></div><div
        class=\"product-block-actions\"><div class=\"product-block-actions-row\"><div
        class=\"product-block-price\"><div class=\"product-block-price-old\"><span
        class=\"strike product-price-before\"></span><span class=\"text-success\">(<span
        class=\"product-discount-percentage\"></span>% Discount)</span></div><div
        class=\"product-block-price-val\"><span class=\"product-display-price-with-vat\"></span><small>(Incl.
        #% VAT)</small></div></div></div><div class=\"product-block-actions-row\"><div
        class=\"product-page-delivery\"> <div class=\"product-delivery-time\"> <span
        class=\"product-delivery-time-indicator product-delivery-time-indicator-available\"></span>
        In stock </div> </div></div><div class=\"product-block-actions-buttons\"><a
        href=\"#\"\tclass=\"btn btn-primary btn-block btn-move btn-move-right btn-move-cart
        upsell-btn\"\tdata-product-link-id=\"0\"><span>In shoppingcart</span></a><a
        href=\"#\" class=\"btn btn-secondary btn-block btn-url\"><span>More info</span></a></div></div></div></div></template><template
        class=\"product-missing-block-template\"><div class=\"product-block-missing\"><div
        class=\"product-block-inner\"><div class=\"product-block-top\"><div class=\"product-images\"><div
        class=\"product-block-thumb\"><img src=\"https://www.akr-performance.com/assets/www.akr-performance.live/img/missing-product.png\"\talt=\"Are
        you missing something?\"\twidth=\"180\"\theight=\"180\"\tloading=\"lazy\"></div></div><h3
        class=\"product-block-title\">Are you missing something?</h3><div class=\"product-block-actions\"><div
        class=\"product-block-actions-buttons\"><a href=\"#\" class=\"btn btn-primary
        btn-block\" data-toggle=\"modal\" data-target=\"#product-modal-missing\"><span>Tell
        us!</span></a></div></div></div></div></div></template><template class=\"product-list-template\"><div
        class=\"product-block\"><div class=\"product-block-inner\"><div class=\"product-block-top\"><div
        class=\"label-akr-choice\" data-toggle=\"modal\" data-target=\"#product-choice-label-modal\"><span
        class=\"fa fa-thumbs-up\"></span><span class=\"text\">AKR's choice</span></div><div
        class=\"label-discount\"><span class=\"text\"><span class=\"discount\">0%</span>
        <span>discount</span></span></div><div class=\"d-flex justify-content-between
        mb-0\"><h3 class=\"product-block-title mb-0\"><a><span itemprop=\"name\"></span></a></h3><div
        class=\"wishlist\"\tdata-added=\"Added to your wishlist\"\tdata-removed=\"Add
        to your wishlist\"><span class=\"btn-action btn-wishlist\"></span></div></div><div
        class=\"article-number\"><small></small></div><div class=\"product-images\"><a
        class=\"product-block-thumb\"><img itemprop=\"image\"></a><a class=\"product-block-branding\"\tdata-path=\"https://www.akr-performance.com/assets/www.akr-performance.live/img/brands/small/\"><img
        /></a></div></div><div class=\"card d-block bg-info discount-text\"><span
        class=\"font-weight-bold\">Account discount:</span> <span class=\"discount-percentage-text\">With
        this account you get {{percentage}}% extra discount. The price has been reduced
        by {{price}}</span></div><div class=\"product-block-actions\"><div class=\"product-block-actions-row\"><div
        class=\"product-block-price\"><div class=\"product-block-price-old\"><span
        class=\"strike product-price-before\"></span><span class=\"text-success\">(<span
        class=\"product-discount-percentage\"></span>%\tDiscount)</span></div><div
        class=\"product-block-price-val\"><span class=\"product-price-with-vat\"></span><small
        class=\"product-vat-percentage\">(Incl. #% VAT)</small></div></div></div><div
        class=\"product-block-actions-row\"><div class=\"product-delivery-time\"><span
        class=\"product-delivery-time-indicator\"></span><span class=\"product-stock-text\"></span></div></div><div
        class=\"product-block-actions-buttons\"><a href=\"#\"\tclass=\"btn btn-primary
        btn-block btn-move btn-move-right btn-move-cart open-cart-modal product-in-stock\"\tdata-target=\"#product-cart\"><span>In
        shoppingcart</span></a><div class=\"btn btn-danger btn-block product-out-of-stock\"><span>Temporarily
        out of stock</span></div><a class=\"btn btn-secondary btn-block product-btn-info\"><span>More
        info</span></a></div></div></div></div></template><template class=\"icon-wishlist-template\"><svg
        width=\"35px\" height=\"25px\" xmlns=\"http://www.w3.org/2000/svg\"> <g fill=\"none\"
        fill-rule=\"evenodd\"> <path class=\"heart-stroke\" d=\"M13.0185191,4.25291223
        L12.9746137,4.25291223 C10.1097846,4.25291223 8.67188189,6.6128289 8.5182129,8.92335198
        C8.39747298,10.6740809 8.73225185,12.8528876 14.0777375,18.4782704 C14.7127154,19.1080239
        15.5654911,19.4695694 16.4596069,19.4880952 C17.3247917,19.4700909 18.1444718,19.0969678
        18.7262246,18.4563177 C19.3189478,17.9074999 24.5052763,12.5894551 24.3570955,8.98921012
        C24.2363556,6.42623084 22.123407,4.25291223 19.7525139,4.25291223 C18.5053576,4.22947431
        17.3125171,4.76253118 16.4980242,5.70727948 C15.6177331,4.73767759 14.354699,4.20555668
        13.04596,4.25291223 L13.0185191,4.25291223 Z\" fill=\"#CC0C12\"/> <path class=\"heart-full\"
        d=\"M13.0185191,4.25291223 L12.9746137,4.25291223 C10.1097846,4.25291223 8.67188189,6.6128289
        8.5182129,8.92335198 C8.39747298,10.6740809 8.73225185,12.8528876 14.0777375,18.4782704
        C14.7127154,19.1080239 15.5654911,19.4695694 16.4596069,19.4880952 C17.3247917,19.4700909
        18.1444718,19.0969678 18.7262246,18.4563177 C19.3189478,17.9074999 24.5052763,12.5894551
        24.3570955,8.98921012 C24.2363556,6.42623084 22.123407,4.25291223 19.7525139,4.25291223
        C18.5053576,4.22947431 17.3125171,4.76253118 16.4980242,5.70727948 C15.6177331,4.73767759
        14.354699,4.20555668 13.04596,4.25291223 L13.0185191,4.25291223 Z\" fill=\"#CC0C12\"/>
        <path class=\"heart-lines\" d=\"M26,4 L30.6852129,0.251829715\" stroke=\"#CC0C12\"
        stroke-width=\"2\" stroke-linecap=\"round\"/> <path class=\"heart-lines\"d=\"M2.314788,4
        L7.00000086,0.251829715\" stroke=\"#CC0C12\" stroke-width=\"2\" stroke-linecap=\"round\"
        transform=\"matrix(-1 0 0 1 10.314788 1)\"/> <path class=\"heart-lines\" d=\"M27,12
        L33,12\" stroke=\"#CC0C12\" stroke-width=\"2\" stroke-linecap=\"round\" />
        <path class=\"heart-lines\" d=\"M0,12 L6,12\" stroke=\"#CC0C12\" stroke-width=\"2\"
        stroke-linecap=\"round\" transform=\"matrix(-1 0 0 1 7 1)\"/> <path class=\"heart-lines\"
        d=\"M24,19 L28.6852129,22.7481703\" stroke=\"#CC0C12\" stroke-width=\"2\"
        stroke-linecap=\"round\"/> <path class=\"heart-lines\" d=\"M4.314788,19 L9.00000086,22.7481703\"
        stroke=\"#CC0C12\" stroke-width=\"2\" stroke-linecap=\"round\" transform=\"matrix(-1
        0 0 1 14.314788 1)\"/> </g></svg></template><div id=\"categories-with-licenseplate-modal\"
        class=\"modal-content modal-xl\"> <div class=\"categories-modal\"> <div class=\"header\">
        <div class=\"h3 modal-title\"> Your car: </div> </div> <div class=\"body\">
        <!-- car summary --> <div class=\"summary choice border-0 p-0\"> <div class=\"container\">
        <div class=\"d-flex align-items-center\"> <div class=\"image\"></div> <div
        class=\"d-none d-md-block ml-4\"> <span class=\"text licenseplate small\"
        data-toggle=\"modal\" data-target=\"#licenseplate-modal\" > </span> </div>
        <div class=\"selection d-block-inline ml-4 w-100\"> <span class=\"element\">
        <span class=\"d-block\"><b>Chosen car:</b></span> <span class=\"d-block car-data\"></span>
        <span class=\"d-block car-engine\"> <span>Engine code:</span> <span class=\"value\"></span>
        </span> </span> </div> </div> </div> </div> <!-- end car summary --> <!--
        categories --> <div class=\"d-block categories\"> <div class=\"h3 my-2 primary\">Select
        a part category</div> <div data-image-folder=\"/assets/www.akr-performance.live/img/categories/icons/\"
        class=\"row no-gutters categories-items\" ></div> </div> <!-- end categories
        --> </div> </div></div><div id=\"categories-with-kba-modal\" class=\"modal-content
        modal-xl\"> <div class=\"categories-modal\"> <div class=\"header\"> <div class=\"h3
        modal-title\"> Your car </div> </div> <div class=\"body\"> <!-- car summary
        --> <div class=\"summary choice border-0 p-0\"> <div class=\"container\">
        <div class=\"d-flex align-items-center\"> <div class=\"image\"></div> <div
        class=\"d-none d-md-block ml-4\"> <div class=\"text small\"> <div class=\"font-weight-bold
        no-wrap\">Ihre KBA-Nr:</div> <div class=\"kba-number\"></div> </div> </div>
        <div class=\"selection d-block-inline ml-4 w-100\"> <span class=\"element\">
        <b>Chosen car:</b> <br /> <span class=\"car-data\"></span> </span> </div>
        </div> </div> </div> <!-- end car summary --> <!-- categories --> <div class=\"d-block
        categories\"> <div class=\"h3 my-2 primary\">Select a part category</div>
        <div data-image-folder=\"/assets/www.akr-performance.live/img/categories/icons/\"
        class=\"row no-gutters categories-items\" ></div> </div> <!-- end categories
        --> </div> </div></div><div id=\"cars-modal\" class=\"modal-content modal-xl\">
        <div class=\"cars-modal\"> <div class=\"header\"> <div class=\"h2 text-danger
        mb-3\">Found multiple cars</div> <div class=\"header-car\"> <div class=\"d-block\">
        Different car types are possible for this license plate. </div> <div class=\"text
        licenseplate small\" data-toggle=\"modal\" data-target=\"#licenseplate-modal\"></div>
        </div> </div> <div class=\"body\"> <div class=\"d-block\"> <div class=\"h3
        mb-3\">Choose your car</div> <div class=\"row cars\"> <div class=\"col-xl-3
        col-lg-3 col-6 my-1\"> <div class=\"car card shadow\"> <div class=\"card-body\">
        <div class=\"car-body\"> <div class=\"car-image\"></div> <div class=\"car-title\"></div>
        <div class=\"car-subtitle\"></div> <div class=\"car-info\"></div> <div class=\"car-engine\">
        <span>Engine code:</span> <span class=\"value\"></span> </div> <div class=\"car-chasis\">
        <span>Chassis code:</span> <span class=\"value\"></span> </div> </div> <div
        class=\"car-footer\"> <a href=\"#\" class=\"btn btn-success btn-block car-btn\">
        This is my car </a> </div> </div> </div> </div> <div class=\"col-xl-3 col-lg-3
        col-6 my-1\"> <div class=\"car card shadow\"> <form method=\"POST\" action=\"\"
        class=\"car-filter\"> <div class=\"card-body\"> <div class=\"car-body\"> <div
        class=\"d-block font-weight-bold\"> The license plate is correct but my car
        is not listed here </div> <div class=\"form-select-wrapper\"> <select name=\"car_brand_id\"
        class=\"form-select car-filter-brand\" data-selected=\"0\" data-placeholder=\"Select
        model\" disabled> <option value=\"\"> Select model </option> </select> </div>
        <div class=\"form-select-wrapper\"> <select name=\"car_model_id\" class=\"form-select
        car-filter-model\" data-selected=\"0\" data-placeholder=\"Select year\" disabled>
        <option value=\"\"> Select year </option> </select> </div> <div class=\"form-select-wrapper\">
        <select name=\"car_type_id\" class=\"form-select car-filter-type\" data-selected=\"0\"
        data-placeholder=\"Select type\" disabled> <option value=\"\"> Select type
        </option> </select> </div> </div> <div class=\"car-footer\"> <button type=\"submit\"
        class=\"btn btn-success btn-block\">\tThis is my car </button> </div> </div>
        </form> </div> </div> </div> </div> </div> </div></div><div id=\"cars-pdp-modal\"
        class=\"modal-content modal-xl\"> <div class=\"cars-modal\"> <div class=\"header\">
        <div class=\"h2 text-danger mb-3\">PDP Found multiple cars</div> <div class=\"header-car\">
        <div class=\"d-block\"> Different car types are possible for this license
        plate. </div> <div class=\"text licenseplate small\" data-toggle=\"modal\"
        data-target=\"#licenseplate-modal\"></div> </div> </div> <div class=\"body\">
        <div class=\"d-block\"> <div class=\"h3 mb-3\">Choose your car</div> <div
        class=\"row cars\"> <div class=\"col-xl-3 col-lg-3 col-6 my-1\"> <div class=\"car
        card shadow\"> <div class=\"card-body\"> <div class=\"car-body\"> <div class=\"car-image\"></div>
        <div class=\"car-title\"></div> <div class=\"car-subtitle\"></div> <div class=\"car-info\"></div>
        </div> <div class=\"car-footer\"> <form method=\"post\" action=\"\"> <input
        type=\"hidden\" name=\"licenseplate\"> <input type=\"hidden\" name=\"car_type_id\">
        <button type=\"submit\" class=\"btn btn-success btn-block\">\tThis is my car
        </button> </form> </div> </div> </div> </div> <div class=\"col-xl-3 col-lg-3
        col-6 my-1\"> <div class=\"car card shadow\"> <form method=\"POST\" action=\"\"
        class=\"car-filter\"> <div class=\"card-body\"> <div class=\"car-body\"> <div
        class=\"d-block font-weight-bold\"> The license plate is correct but my car
        is not listed here </div> <div class=\"form-select-wrapper\"> <select name=\"car_brand_id\"
        class=\"form-select car-filter-brand\" data-selected=\"0\" data-placeholder=\"Select
        model\" disabled> <option value=\"\"> Select model </option> </select> </div>
        <div class=\"form-select-wrapper\"> <select name=\"car_model_id\" class=\"form-select
        car-filter-model\" data-selected=\"0\" data-placeholder=\"Select year\" disabled>
        <option value=\"\"> Select year </option> </select> </div> <div class=\"form-select-wrapper\">
        <select name=\"car_type_id\" class=\"form-select car-filter-type\" data-selected=\"0\"
        data-placeholder=\"Select type\" disabled> <option value=\"\"> Select type
        </option> </select> </div> </div> <div class=\"car-footer\"> <button type=\"submit\"
        class=\"btn btn-success btn-block\">\tThis is my car </button> </div> </div>
        </form> </div> </div> </div> </div> </div> </div></div><div id=\"kba-modal\"
        class=\"modal-content modal-xl\"> <div class=\"cars-modal\"> <div class=\"header\">
        <div class=\"h2 text-danger mb-3\">Found multiple cars</div> <div class=\"header-car\">
        <div class=\"d-block\"> Different car types are possible for this license
        plate. </div> <div class=\"text small\"> <div class=\"font-weight-bold\">Ihre
        KBA-Nr:</div> <div class=\"kba-number\"></div> </div> </div> </div> <div class=\"body\">
        <div class=\"d-block\"> <div class=\"h3 mb-3\">Choose your car</div> <div
        class=\"row cars\"> <div class=\"col-xl-3 col-lg-3 col-6 my-1\"> <div class=\"car
        card shadow\"> <div class=\"card-body\"> <div class=\"car-body\"> <div class=\"car-image\"></div>
        <div class=\"car-title\"></div> <div class=\"car-subtitle\"></div> <div class=\"car-info\"></div>
        </div> <div class=\"car-footer\"> <a href=\"#\" class=\"btn btn-success btn-block
        kba-btn\"> This is my car </a> </div> </div> </div> </div> <div class=\"col-xl-3
        col-lg-3 col-6 my-1\"> <div class=\"car card shadow\"> <form method=\"POST\"
        action=\"\" class=\"car-filter\"> <div class=\"card-body\"> <div class=\"car-body\">
        <div class=\"d-block font-weight-bold\"> The license plate is correct but
        my car is not listed here </div> <div class=\"form-select-wrapper\"> <select
        name=\"car_brand_id\" class=\"form-select car-filter-brand\" data-selected=\"0\"
        data-placeholder=\"Select model\" disabled> <option value=\"\"> Select model
        </option> </select> </div> <div class=\"form-select-wrapper\"> <select name=\"car_model_id\"
        class=\"form-select car-filter-model\" data-selected=\"0\" data-placeholder=\"Select
        year\" disabled> <option value=\"\"> Select year </option> </select> </div>
        <div class=\"form-select-wrapper\"> <select name=\"car_type_id\" class=\"form-select
        car-filter-type\" data-selected=\"0\" data-placeholder=\"Select type\" disabled>
        <option value=\"\"> Select type </option> </select> </div> </div> <div class=\"car-footer\">
        <button type=\"submit\" class=\"btn btn-success btn-block\">\tThis is my car
        </button> </div> </div> </form> </div> </div> </div> </div> </div> </div></div><div
        id=\"licenseplate-modal\" class=\"modal-content\"> <div class=\"licenseplate-modal\">
        <div class=\"h2 mb-3 modal-title\">Change your car</div><div class=\"d-block\"><div
        class=\"h3 mb-2\">Search on model, year and type</div><div class=\"d-block\"><form
        method=\"POST\" action=\"\" class=\"car-filter\"> <div class=\"form-row form-row-parent\">
        <div class=\"form-select-wrapper\"> <select name=\"car_brand_id\"\tclass=\"form-select
        car-filter-brand\"\tdata-selected=\"0\"\tdata-placeholder=\"Choose model\"
        disabled> <option value=\"\">\tChoose model </option> </select> </div> </div>
        <div class=\"form-row form-row-parent\"> <div class=\"form-select-wrapper\">
        <select name=\"car_model_id\"\tclass=\"form-select car-filter-model\"\tdata-selected=\"0\"\tdata-placeholder=\"Choose
        year\"\tdisabled> <option value=\"\">\tChoose year </option> </select> </div>
        </div> <div class=\"form-row form-row-parent\"> <div class=\"form-select-wrapper\">
        <select name=\"car_type_id\"\tclass=\"form-select car-filter-type\"\tdata-selected=\"0\"\tdata-placeholder=\"Choose
        type\"\tdisabled> <option value=\"\">\tChoose type </option> </select> </div>
        </div> <div class=\"form-row form-row-parent\"> <div class=\"form-select-wrapper\">
        <select name=\"category_id\"\tclass=\"form-select car-filter-category\"\tdata-selected=\"0\"\tdata-placeholder=\"Choose
        a category\"\tdisabled> <option value=\"\">\tChoose a category </option> </select>
        </div> </div> <div class=\"d-block\"> <button type=\"submit\" class=\"btn
        btn-primary btn-block btn-move btn-move-right top\"> <span>Check if this fits
        </span> </button> </div> </form></div></div></div></div><div id=\"search-modal-info-kba\"
        class=\"modal-content\"> <div class=\"info-modal\"><div class=\"h2 mb-3 modal-title\">Was
        ist eine KBA-Nr?</div><div class=\"d-block\"><strong>Fahrzeugsuche nach Schl\xFCsselnummern</strong><br
        />Die Schl\xFCsselnummern (KBA-Nummer) Ihres Fahrzeuges finden Sie auf der
        zweiten Seite des Fahrzeugscheines.<br />F\xFCr die Fahrzeugsuche ist die
        Nummer unter <b>zu2</b> und die ersten drei Ziffern der Schl\xFCsselnummer
        unter <b>zu3</b> erforderlich.</div><div class=\"d-block my-2\"><img src=\"/assets/www.akr-performance.live/img/kba-example.png\"
        alt=\"KBA\" class=\"img-fluid\"></div></div></div><div id=\"product-modal-missing\"
        class=\"modal-content p-0 modal-white\"><div class=\"modal p-0\"><div class=\"modal-contents
        p-2\"> <form class=\"form form-light form-validate product-modal-missing\"
        method=\"post\"><div class=\"h1\">Which product are you missing?</div> <div
        class=\"form-group\"> <div class=\"row\"> <div class=\"col-12\"> <textarea\tclass=\"form-control\"\tname=\"webshop_missingRequest\"\trows=\"4\"\trequired\t></textarea>
        <input type=\"hidden\"\tname=\"webshop_missingPageUrl\"\tvalue=\"http://www.akr-performance.com/p/honda-cylinder-head-gasket-12251-rbb-004\">
        </div> </div> </div> <div class=\"form-group mb-0\"> <div class=\"row\"> <div
        class=\"col\"><a href=\"#\" class=\"btn btn-secondary btn-block modal-cancel
        mt-0\">Cancel</a> </div> <div class=\"col\"><button type=\"submit\" class=\"btn
        btn-success btn-block mt-0\">Send</button> </div> </div> </div> </form> <div
        class=\"response success d-none\"><div class=\"h1\">Thanks for your tip!</div><p>Glad
        you think along with us. We have received your idea well and are now going
        to see if we can add it.</p><a href=\"#\" class=\"btn btn-secondary modal-cancel\">Close</a>
        </div></div> </div></div><div id=\"product-cart\" class=\"modal-content modal-transparency
        no-overflow p-0\"> <div class=\"modal-contents\"> <div class=\"modal-block\">
        <div class=\"d-flex text-success\"><i class=\"far fa-md fa-check-circle mt-1\"></i><span
        class=\"d-block font-weight-bold ml-1\">The item has been added to your shopping
        cart</span> </div><p><i class=\"product-title\"></i> has been added to your
        shopping cart.</p> <div class=\"d-buttons\"><a href=\"/shoppingcart\" class=\"btn
        btn-primary btn-block\">> To the shopping cart</a><a href=\"#\" class=\"btn
        btn-secondary btn-block modal-cancel\">< Continue shopping</a> </div></div><div
        class=\"modal-block d-none mt-2\"><div class=\"h3 mb-2\">People who bought
        this also bought:</div><div class=\"products products-lg-3\"><div class=\"modal-products
        row\"></div></div></div><div class=\"modal-block d-none mt-2\"><div class=\"h3
        mb-2\">Continue shopping? Also view these categories for your car.</div><div
        class=\"categories\"><div class=\"modal-categories categories-items row no-gutters\"></div></div></div>
        </div></div><div id=\"product-cart-delete\" class=\"modal-content modal-sm\">
        <div class=\"modal-contents\"> <p>Are you sure you want to remove this product
        from your cart?</p> <div class=\"d-buttons d-sm-2\"><a href=\"#\" class=\"btn
        btn-danger btn-inline modal-confirm\">Yes</a><a href=\"#\" class=\"btn btn-default
        btn-inline modal-cancel\">No</a> </div> </div></div><div id=\"product-wishlist-delete\"
        class=\"modal-content modal-sm\"> <div class=\"modal-contents\"> <p>Are you
        sure you want to remove this item from your wishlist?</p> <div class=\"d-buttons\"><a
        href=\"#\" class=\"btn btn-danger btn-inline modal-confirm\">Yes</a><a href=\"#\"
        class=\"btn btn-default btn-inline modal-cancel\">No</a> </div> </div></div><div
        id=\"product-choice-label-modal\" class=\"modal-content no-overflow p-0\">
        <div class=\"modal-contents\"> <div class=\"d-flex align-items-end product-choice-label-modal\">
        <div class=\"p-xl-4 p-lg-4 py-4 pl-4 pr-0\"> <div class=\"d-block font-weight-bold
        h1\">Our choice within this category</div><ul class=\"ml-0 pl-3\"><li>Best
        value for money</li><li>Most chosen within this category</li><li>Favorite
        with our mechanics</li></ul><div class=\"d-xl-flex d-lg-flex align-items-center
        mt-2\"><div class=\"company-choice-label\"><span class=\"fa fa-thumbs-up\"
        aria-hidden=\"true\"></span><div class=\"texts ml-2\"><div class=\"text-md\">AKR's</div><div
        class=\"text-xl font-weight-bold\">CHOICE</div></div></div><div class=\"d-block
        ml-xl-3 ml-lg-3 mt-xl-0 mt-lg-0 mt-2\">AKR's choice is <b>the best choice</b>
        for products in this category.</div></div> </div><div class=\"employee\"><img
        src=\"#\" data-src=\"/assets/www.akr-performance.live/img/general/akr-expert.png\"\tloading=\"lazy\"
        alt=\"AKR Expert\" class=\"img-fluid lazy\"></div> </div> </div></div><div
        id=\"login-modal\" class=\"modal-content login-modal modal-sm\"> <form class=\"form
        form-light form-validate\" action=\"/inloggen\" method=\"post\"> <div class=\"h1\">Login</div>
        <div class=\"form-group\"> <label for=\"webshop_userEmailAddress\">E-mail
        address</label> <input type=\"email\" name=\"webshop_userEmailAddress\" id=\"webshop_userEmailAddress\"
        class=\"form-control\" data-required=\"This is a required field\" data-email=\"Please
        enter a valid e-mail address here\" required> </div> <div class=\"form-group\">
        <label for=\"webshop_userPassword\">Password</label> <div class=\"password-wrapper-col\">
        <input type=\"password\" name=\"webshop_userPassword\" id=\"webshop_userPassword\"
        class=\"form-control password\"\tdata-required=\"This is a required field\"
        required> </div> </div> <div class=\"form-group login-modal-btn\"> <input
        type=\"submit\" value=\"Login\"\tclass=\"btn btn-primary btn-uppercase btn-block
        btn-match\"> </div> <div class=\"form-group text-center\"> <a href=\"/aanmelden\">No
        account yet? Click here</a><br> </div> </form></div><script src=\"/assets/www.akr-performance.live/js/product.js?v=1.17\"
        defer async></script></body></html>"
    headers:
      Access-Control-Allow-Credentials:
      - 'true'
      Access-Control-Allow-Headers:
      - Content-Type
      Access-Control-Allow-Methods:
      - POST
      Access-Control-Allow-Origin:
      - https://audit.danka-advies.nl
      Cache-Control:
      - no-store, no-cache, must-revalidate
      Connection:
      - Keep-Alive
      Content-Encoding:
      - gzip
      Content-Type:
      - text/html; charset=UTF-8
      Date:
      - Tue, 29 Nov 2022 22:25:00 GMT
      Expires:
      - Thu, 19 Nov 1981 08:52:00 GMT
      Keep-Alive:
      - timeout=5, max=100
      Pragma:
      - no-cache
      Server:
      - LiteSpeed
      Set-Cookie:
      - PHPSESSID=rc153ij2dqattuu9bm5m1evtm4; path=/; secure
      - restore=%7B%22coupon%22%3A%5B%5D%2C%22vies%22%3A%5B%5D%2C%22order%22%3A%7B%22data%22%3A%7B%22webshop_orderDeliveryCountry%22%3A%2245%22%7D%7D%7D;
        expires=Sun, 02-Apr-2023 22:25:00 GMT; Max-Age=10713600; path=/; secure
      Transfer-Encoding:
      - chunked
      Vary:
      - Accept-Encoding,User-Agent,User-Agent
      alt-svc:
      - h3=":443"; ma=2592000, h3-29=":443"; ma=2592000, h3-Q050=":443"; ma=2592000,
        h3-Q046=":443"; ma=2592000, h3-Q043=":443"; ma=2592000, quic=":443"; ma=2592000;
        v="43,46"
      referrer-policy:
      - no-referrer-when-downgrade
      strict-transport-security:
      - max-age=31536000; includeSubDomains
      x-content-type-options:
      - nosniff
      x-frame-options:
      - SAMEORIGIN
      x-xss-protection:
      - 1; mode=block
    status:
      code: 200
      message: OK
    url: https://www.akr-performance.com/p/honda-cylinder-head-gasket-12251-rbb-004
- request:
    body:
      search: 31206-P3F-003
    headers: {}
    method: POST
    uri: https://www.akr-performance.com/search/akr
  response:
    body:
      string: '{"status":"ok","total":0,"categories":[],"brands":[],"products":[]}'
    headers:
      Access-Control-Allow-Credentials:
      - 'true'
      Access-Control-Allow-Headers:
      - Content-Type
      Access-Control-Allow-Methods:
      - POST
      Access-Control-Allow-Origin:
      - https://audit.danka-advies.nl
      Cache-Control:
      - no-store, no-cache, must-revalidate
      Connection:
      - Keep-Alive
      Content-Encoding:
      - gzip
      Content-Length:
      - '77'
      Content-Type:
      - text/html; charset=UTF-8
      Date:
      - Tue, 29 Nov 2022 22:25:01 GMT
      Expires:
      - Thu, 19 Nov 1981 08:52:00 GMT
      Keep-Alive:
      - timeout=5, max=100
      Pragma:
      - no-cache
      Server:
      - LiteSpeed
      Set-Cookie:
      - PHPSESSID=r7nvlsr67ulm89i2af6vmr8alp; path=/; secure
      Vary:
      - Accept-Encoding,User-Agent,User-Agent
      alt-svc:
      - h3=":443"; ma=2592000, h3-29=":443"; ma=2592000, h3-Q050=":443"; ma=2592000,
        h3-Q046=":443"; ma=2592000, h3-Q043=":443"; ma=2592000, quic=":443"; ma=2592000;
        v="43,46"
      referrer-policy:
      - no-referrer-when-downgrade
      strict-transport-security:
      - max-age=31536000; includeSubDomains
      x-content-type-options:
      - nosniff
      x-frame-options:
      - SAMEORIGIN
      x-xss-protection:
      - 1; mode=block
    status:
      code: 200
      message: OK
    url: https://www.akr-performance.com/search/akr
- request:
    body:
      search: 56483-PND-003
    headers: {}
    method: POST
    uri: https://www.akr-performance.com/search/akr
  response:
    body:
      string: '{"status":"ok","total":0,"categories":[],"brands":[],"products":[]}'
    headers:
      Access-Control-Allow-Credentials:
      - 'true'
      Access-Control-Allow-Headers:
      - Content-Type
      Access-Control-Allow-Methods:
      - POST
      Access-Control-Allow-Origin:
      - https://audit.danka-advies.nl
      Cache-Control:
      - no-store, no-cache, must-revalidate
      Connection:
      - Keep-Alive
      Content-Encoding:
      - gzip
      Content-Length:
      - '77'
      Content-Type:
      - text/html; charset=UTF-8
      Date:
      - Tue, 29 Nov 2022 22:25:01 GMT
      Expires:
      - Thu, 19 Nov 1981 08:52:00 GMT
      Keep-Alive:
      - timeout=5, max=100
      Pragma:
      - no-cache
      Server:
      - LiteSpeed
      Set-Cookie:
      - PHPSESSID=52hu5tj9c4kj3gar2h9qgilqfe; path=/; secure
      Vary:
      - Accept-Encoding,User-Agent,User-Agent
      alt-svc:
      - h3=":443"; ma=2592000, h3-29=":443"; ma=2592000, h3-Q050=":443"; ma=2592000,
        h3-Q046=":443"; ma=2592000, h3-Q043=":443"; ma=2592000, quic=":443"; ma=2592000;
        v="43,46"
      referrer-policy:
      - no-referrer-when-downgrade
      strict-transport-security:
      - max-age=31536000; includeSubDomains
      x-content-type-options:
      - nosniff
      x-frame-options:
      - SAMEORIGIN
      x-xss-protection:
      - 1; mode=block
    status:
      code: 200
      message: OK
    url: https://www.akr-performance.com/search/akr
version: 1
